Archive member included to satisfy reference by file (symbol)

c:/progra~2/gnuarm~1/102021~1.10/bin/../lib/gcc/arm-none-eabi/10.3.1/../../../../arm-none-eabi/lib/thumb/v7-m/nofp\libc_nano.a(lib_a-exit.o)
                              c:/progra~2/gnuarm~1/102021~1.10/bin/../lib/gcc/arm-none-eabi/10.3.1/../../../../arm-none-eabi/lib/thumb/v7-m/nofp/crt0.o (exit)
c:/progra~2/gnuarm~1/102021~1.10/bin/../lib/gcc/arm-none-eabi/10.3.1/../../../../arm-none-eabi/lib/thumb/v7-m/nofp\libc_nano.a(lib_a-impure.o)
                              c:/progra~2/gnuarm~1/102021~1.10/bin/../lib/gcc/arm-none-eabi/10.3.1/../../../../arm-none-eabi/lib/thumb/v7-m/nofp\libc_nano.a(lib_a-exit.o) (_global_impure_ptr)
c:/progra~2/gnuarm~1/102021~1.10/bin/../lib/gcc/arm-none-eabi/10.3.1/../../../../arm-none-eabi/lib/thumb/v7-m/nofp\libc_nano.a(lib_a-init.o)
                              c:/progra~2/gnuarm~1/102021~1.10/bin/../lib/gcc/arm-none-eabi/10.3.1/../../../../arm-none-eabi/lib/thumb/v7-m/nofp/crt0.o (__libc_init_array)
c:/progra~2/gnuarm~1/102021~1.10/bin/../lib/gcc/arm-none-eabi/10.3.1/../../../../arm-none-eabi/lib/thumb/v7-m/nofp\libc_nano.a(lib_a-memset.o)
                              c:/progra~2/gnuarm~1/102021~1.10/bin/../lib/gcc/arm-none-eabi/10.3.1/../../../../arm-none-eabi/lib/thumb/v7-m/nofp/crt0.o (memset)
c:/progra~2/gnuarm~1/102021~1.10/bin/../lib/gcc/arm-none-eabi/10.3.1/../../../../arm-none-eabi/lib/thumb/v7-m/nofp\libg_nano.a(lib_a-errno.o)
                              HB_navi_BP/CMakeFiles/HB_navi_BP.dir/Core/Src/sysmem.c.obj (__errno)
c:/progra~2/gnuarm~1/102021~1.10/bin/../lib/gcc/arm-none-eabi/10.3.1/../../../../arm-none-eabi/lib/thumb/v7-m/nofp\libg_nano.a(lib_a-memcpy-stub.o)
                              HB_navi_BP/CMakeFiles/HB_navi_BP.dir/Middlewares/Third_Party/FreeRTOS/Source/queue.c.obj (memcpy)
c:/progra~2/gnuarm~1/102021~1.10/bin/../lib/gcc/arm-none-eabi/10.3.1/../../../../arm-none-eabi/lib/thumb/v7-m/nofp\libg_nano.a(lib_a-sprintf.o)
                              HB_navi_BP/CMakeFiles/HB_navi_BP.dir/Core/Src/freertos.c.obj (sprintf)
c:/progra~2/gnuarm~1/102021~1.10/bin/../lib/gcc/arm-none-eabi/10.3.1/../../../../arm-none-eabi/lib/thumb/v7-m/nofp\libg_nano.a(lib_a-strlen.o)
                              HB_navi_BP/CMakeFiles/HB_navi_BP.dir/Core/Src/freertos.c.obj (strlen)
c:/progra~2/gnuarm~1/102021~1.10/bin/../lib/gcc/arm-none-eabi/10.3.1/../../../../arm-none-eabi/lib/thumb/v7-m/nofp\libg_nano.a(lib_a-nano-svfprintf.o)
                              c:/progra~2/gnuarm~1/102021~1.10/bin/../lib/gcc/arm-none-eabi/10.3.1/../../../../arm-none-eabi/lib/thumb/v7-m/nofp\libg_nano.a(lib_a-sprintf.o) (_svfprintf_r)
c:/progra~2/gnuarm~1/102021~1.10/bin/../lib/gcc/arm-none-eabi/10.3.1/../../../../arm-none-eabi/lib/thumb/v7-m/nofp\libg_nano.a(lib_a-nano-vfprintf_i.o)
                              c:/progra~2/gnuarm~1/102021~1.10/bin/../lib/gcc/arm-none-eabi/10.3.1/../../../../arm-none-eabi/lib/thumb/v7-m/nofp\libg_nano.a(lib_a-nano-svfprintf.o) (_printf_i)
c:/progra~2/gnuarm~1/102021~1.10/bin/../lib/gcc/arm-none-eabi/10.3.1/../../../../arm-none-eabi/lib/thumb/v7-m/nofp\libg_nano.a(lib_a-memchr-stub.o)
                              c:/progra~2/gnuarm~1/102021~1.10/bin/../lib/gcc/arm-none-eabi/10.3.1/../../../../arm-none-eabi/lib/thumb/v7-m/nofp\libg_nano.a(lib_a-nano-svfprintf.o) (memchr)
c:/progra~2/gnuarm~1/102021~1.10/bin/../lib/gcc/arm-none-eabi/10.3.1/../../../../arm-none-eabi/lib/thumb/v7-m/nofp\libg_nano.a(lib_a-memmove.o)
                              c:/progra~2/gnuarm~1/102021~1.10/bin/../lib/gcc/arm-none-eabi/10.3.1/../../../../arm-none-eabi/lib/thumb/v7-m/nofp\libg_nano.a(lib_a-nano-svfprintf.o) (memmove)
c:/progra~2/gnuarm~1/102021~1.10/bin/../lib/gcc/arm-none-eabi/10.3.1/../../../../arm-none-eabi/lib/thumb/v7-m/nofp\libg_nano.a(lib_a-nano-freer.o)
                              c:/progra~2/gnuarm~1/102021~1.10/bin/../lib/gcc/arm-none-eabi/10.3.1/../../../../arm-none-eabi/lib/thumb/v7-m/nofp\libg_nano.a(lib_a-nano-svfprintf.o) (_free_r)
c:/progra~2/gnuarm~1/102021~1.10/bin/../lib/gcc/arm-none-eabi/10.3.1/../../../../arm-none-eabi/lib/thumb/v7-m/nofp\libg_nano.a(lib_a-nano-mallocr.o)
                              c:/progra~2/gnuarm~1/102021~1.10/bin/../lib/gcc/arm-none-eabi/10.3.1/../../../../arm-none-eabi/lib/thumb/v7-m/nofp\libg_nano.a(lib_a-nano-svfprintf.o) (_malloc_r)
c:/progra~2/gnuarm~1/102021~1.10/bin/../lib/gcc/arm-none-eabi/10.3.1/../../../../arm-none-eabi/lib/thumb/v7-m/nofp\libg_nano.a(lib_a-nano-reallocr.o)
                              c:/progra~2/gnuarm~1/102021~1.10/bin/../lib/gcc/arm-none-eabi/10.3.1/../../../../arm-none-eabi/lib/thumb/v7-m/nofp\libg_nano.a(lib_a-nano-svfprintf.o) (_realloc_r)
c:/progra~2/gnuarm~1/102021~1.10/bin/../lib/gcc/arm-none-eabi/10.3.1/../../../../arm-none-eabi/lib/thumb/v7-m/nofp\libg_nano.a(lib_a-sbrkr.o)
[...]
Memory Configuration

Name             Origin             Length             Attributes
RAM              0x20000000         0x00002800         xrw
FLASH            0x08000000         0x00008000         xr
*default*        0x00000000         0xffffffff

Linker script and memory map

LOAD c:/progra~2/gnuarm~1/102021~1.10/bin/../lib/gcc/arm-none-eabi/10.3.1/thumb/v7-m/nofp/crti.o
LOAD c:/progra~2/gnuarm~1/102021~1.10/bin/../lib/gcc/arm-none-eabi/10.3.1/thumb/v7-m/nofp/crtbegin.o
LOAD c:/progra~2/gnuarm~1/102021~1.10/bin/../lib/gcc/arm-none-eabi/10.3.1/../../../../arm-none-eabi/lib/thumb/v7-m/nofp/crt0.o
START GROUP
LOAD c:/progra~2/gnuarm~1/102021~1.10/bin/../lib/gcc/arm-none-eabi/10.3.1/../../../../arm-none-eabi/lib/thumb/v7-m/nofp\libc_nano.a
LOAD c:/progra~2/gnuarm~1/102021~1.10/bin/../lib/gcc/arm-none-eabi/10.3.1/../../../../arm-none-eabi/lib/thumb/v7-m/nofp\libm.a
END GROUP
LOAD HB_navi_BP/CMakeFiles/HB_navi_BP.dir/Source/mean.c.obj
LOAD HB_navi_BP/CMakeFiles/HB_navi_BP.dir/__/shared/app/app_stateMachine.c.obj
LOAD HB_navi_BP/CMakeFiles/HB_navi_BP.dir/__/shared/hw/hw_dcMotor.c.obj
LOAD HB_navi_BP/CMakeFiles/HB_navi_BP.dir/__/shared/hw/hw_rotaryEncoder.c.obj
LOAD HB_navi_BP/CMakeFiles/HB_navi_BP.dir/__/shared/io/io_adc.c.obj
LOAD HB_navi_BP/CMakeFiles/HB_navi_BP.dir/__/shared/io/io_pwm.c.obj
LOAD HB_navi_BP/CMakeFiles/HB_navi_BP.dir/Core/Src/main.c.obj
LOAD HB_navi_BP/CMakeFiles/HB_navi_BP.dir/Core/Src/gpio.c.obj
LOAD HB_navi_BP/CMakeFiles/HB_navi_BP.dir/Core/Src/freertos.c.obj
LOAD HB_navi_BP/CMakeFiles/HB_navi_BP.dir/Core/Src/adc.c.obj
LOAD HB_navi_BP/CMakeFiles/HB_navi_BP.dir/Core/Src/dma.c.obj
LOAD HB_navi_BP/CMakeFiles/HB_navi_BP.dir/Core/Src/tim.c.obj
LOAD HB_navi_BP/CMakeFiles/HB_navi_BP.dir/Core/Src/usart.c.obj
LOAD HB_navi_BP/CMakeFiles/HB_navi_BP.dir/Core/Src/stm32f1xx_it.c.obj
LOAD HB_navi_BP/CMakeFiles/HB_navi_BP.dir/Core/Src/stm32f1xx_hal_msp.c.obj
LOAD HB_navi_BP/CMakeFiles/HB_navi_BP.dir/Core/Src/stm32f1xx_hal_timebase_tim.c.obj
LOAD HB_navi_BP/CMakeFiles/HB_navi_BP.dir/Drivers/STM32F1xx_HAL_Driver/Src/stm32f1xx_hal_gpio_ex.c.obj
LOAD HB_navi_BP/CMakeFiles/HB_navi_BP.dir/Drivers/STM32F1xx_HAL_Driver/Src/stm32f1xx_hal_adc.c.obj
LOAD HB_navi_BP/CMakeFiles/HB_navi_BP.dir/Drivers/STM32F1xx_HAL_Driver/Src/stm32f1xx_hal_adc_ex.c.obj
LOAD HB_navi_BP/CMakeFiles/HB_navi_BP.dir/Drivers/STM32F1xx_HAL_Driver/Src/stm32f1xx_hal.c.obj
LOAD HB_navi_BP/CMakeFiles/HB_navi_BP.dir/Drivers/STM32F1xx_HAL_Driver/Src/stm32f1xx_hal_rcc.c.obj
LOAD HB_navi_BP/CMakeFiles/HB_navi_BP.dir/Drivers/STM32F1xx_HAL_Driver/Src/stm32f1xx_hal_rcc_ex.c.obj
LOAD HB_navi_BP/CMakeFiles/HB_navi_BP.dir/Drivers/STM32F1xx_HAL_Driver/Src/stm32f1xx_hal_gpio.c.obj
LOAD HB_navi_BP/CMakeFiles/HB_navi_BP.dir/Drivers/STM32F1xx_HAL_Driver/Src/stm32f1xx_hal_dma.c.obj
LOAD HB_navi_BP/CMakeFiles/HB_navi_BP.dir/Drivers/STM32F1xx_HAL_Driver/Src/stm32f1xx_hal_cortex.c.obj
LOAD HB_navi_BP/CMakeFiles/HB_navi_BP.dir/Drivers/STM32F1xx_HAL_Driver/Src/stm32f1xx_hal_pwr.c.obj
LOAD HB_navi_BP/CMakeFiles/HB_navi_BP.dir/Drivers/STM32F1xx_HAL_Driver/Src/stm32f1xx_hal_flash.c.obj
LOAD HB_navi_BP/CMakeFiles/HB_navi_BP.dir/Drivers/STM32F1xx_HAL_Driver/Src/stm32f1xx_hal_flash_ex.c.obj
LOAD HB_navi_BP/CMakeFiles/HB_navi_BP.dir/Drivers/STM32F1xx_HAL_Driver/Src/stm32f1xx_hal_exti.c.obj
LOAD HB_navi_BP/CMakeFiles/HB_navi_BP.dir/Drivers/STM32F1xx_HAL_Driver/Src/stm32f1xx_hal_tim.c.obj
LOAD HB_navi_BP/CMakeFiles/HB_navi_BP.dir/Drivers/STM32F1xx_HAL_Driver/Src/stm32f1xx_hal_tim_ex.c.obj
LOAD HB_navi_BP/CMakeFiles/HB_navi_BP.dir/Drivers/STM32F1xx_HAL_Driver/Src/stm32f1xx_hal_uart.c.obj
LOAD HB_navi_BP/CMakeFiles/HB_navi_BP.dir/Core/Src/system_stm32f1xx.c.obj
LOAD HB_navi_BP/CMakeFiles/HB_navi_BP.dir/Middlewares/Third_Party/FreeRTOS/Source/croutine.c.obj
LOAD HB_navi_BP/CMakeFiles/HB_navi_BP.dir/Middlewares/Third_Party/FreeRTOS/Source/event_groups.c.obj
LOAD HB_navi_BP/CMakeFiles/HB_navi_BP.dir/Middlewares/Third_Party/FreeRTOS/Source/list.c.obj
LOAD HB_navi_BP/CMakeFiles/HB_navi_BP.dir/Middlewares/Third_Party/FreeRTOS/Source/queue.c.obj
LOAD HB_navi_BP/CMakeFiles/HB_navi_BP.dir/Middlewares/Third_Party/FreeRTOS/Source/stream_buffer.c.obj
LOAD HB_navi_BP/CMakeFiles/HB_navi_BP.dir/Middlewares/Third_Party/FreeRTOS/Source/tasks.c.obj
LOAD HB_navi_BP/CMakeFiles/HB_navi_BP.dir/Middlewares/Third_Party/FreeRTOS/Source/timers.c.obj
LOAD HB_navi_BP/CMakeFiles/HB_navi_BP.dir/Middlewares/Third_Party/FreeRTOS/Source/CMSIS_RTOS_V2/cmsis_os2.c.obj
LOAD HB_navi_BP/CMakeFiles/HB_navi_BP.dir/Middlewares/Third_Party/FreeRTOS/Source/portable/MemMang/heap_4.c.obj
LOAD HB_navi_BP/CMakeFiles/HB_navi_BP.dir/Middlewares/Third_Party/FreeRTOS/Source/portable/GCC/ARM_CM3/port.c.obj
LOAD HB_navi_BP/CMakeFiles/HB_navi_BP.dir/Core/Src/sysmem.c.obj
LOAD HB_navi_BP/CMakeFiles/HB_navi_BP.dir/Core/Src/syscalls.c.obj
LOAD HB_navi_BP/CMakeFiles/HB_navi_BP.dir/startup_stm32f103x6.s.obj
LOAD HB_navi_BP/libstm32cubemx_navi.a
START GROUP
LOAD c:/progra~2/gnuarm~1/102021~1.10/bin/../lib/gcc/arm-none-eabi/10.3.1/thumb/v7-m/nofp\libgcc.a
LOAD c:/progra~2/gnuarm~1/102021~1.10/bin/../lib/gcc/arm-none-eabi/10.3.1/../../../../arm-none-eabi/lib/thumb/v7-m/nofp\libg_nano.a
LOAD c:/progra~2/gnuarm~1/102021~1.10/bin/../lib/gcc/arm-none-eabi/10.3.1/../../../../arm-none-eabi/lib/thumb/v7-m/nofp\libc_nano.a
END GROUP
START GROUP
LOAD c:/progra~2/gnuarm~1/102021~1.10/bin/../lib/gcc/arm-none-eabi/10.3.1/thumb/v7-m/nofp\libgcc.a
LOAD c:/progra~2/gnuarm~1/102021~1.10/bin/../lib/gcc/arm-none-eabi/10.3.1/../../../../arm-none-eabi/lib/thumb/v7-m/nofp\libc_nano.a
END GROUP
LOAD c:/progra~2/gnuarm~1/102021~1.10/bin/../lib/gcc/arm-none-eabi/10.3.1/thumb/v7-m/nofp/crtend.o
LOAD c:/progra~2/gnuarm~1/102021~1.10/bin/../lib/gcc/arm-none-eabi/10.3.1/thumb/v7-m/nofp/crtn.o
                0x20002800                _estack = (ORIGIN (RAM) + LENGTH (RAM))
                0x00000200                _Min_Heap_Size = 0x200
                0x00000400                _Min_Stack_Size = 0x400

.isr_vector     0x08000000      0x10c
                0x08000000                . = ALIGN (0x4)
 *(.isr_vector)
 .isr_vector    0x08000000      0x10c HB_navi_BP/CMakeFiles/HB_navi_BP.dir/startup_stm32f103x6.s.obj
                0x08000000                g_pfnVectors
                0x0800010c                . = ALIGN (0x4)

.text           0x08000110     0x6e5c
                0x08000110                . = ALIGN (0x4)
 *(.text)
 .text          0x08000110       0x40 c:/progra~2/gnuarm~1/102021~1.10/bin/../lib/gcc/arm-none-eabi/10.3.1/thumb/v7-m/nofp/crtbegin.o
 .text          0x08000150       0x10 c:/progra~2/gnuarm~1/102021~1.10/bin/../lib/gcc/arm-none-eabi/10.3.1/../../../../arm-none-eabi/lib/thumb/v7-m/nofp\libg_nano.a(lib_a-strlen.o)
                0x08000150                strlen
 *(.text*)
 .text.__libc_init_array
                0x08000160       0x48 c:/progra~2/gnuarm~1/102021~1.10/bin/../lib/gcc/arm-none-eabi/10.3.1/../../../../arm-none-eabi/lib/thumb/v7-m/nofp\libc_nano.a(lib_a-init.o)
                0x08000160                __libc_init_array
 .text.memset   0x080001a8       0x10 c:/progra~2/gnuarm~1/102021~1.10/bin/../lib/gcc/arm-none-eabi/10.3.1/../../../../arm-none-eabi/lib/thumb/v7-m/nofp\libc_nano.a(lib_a-memset.o)
                0x080001a8                memset
 .text.hw_dcMotor_driveCW
                0x080001b8       0x4e HB_navi_BP/CMakeFiles/HB_navi_BP.dir/__/shared/hw/hw_dcMotor.c.obj
                0x080001b8                hw_dcMotor_driveCW
 .text.hw_dcMotor_stopCCW
                0x08000206       0x1a HB_navi_BP/CMakeFiles/HB_navi_BP.dir/__/shared/hw/hw_dcMotor.c.obj
                0x08000206                hw_dcMotor_stopCCW
 .text.hw_dcMotor_speedCW
                0x08000220       0x18 HB_navi_BP/CMakeFiles/HB_navi_BP.dir/__/shared/hw/hw_dcMotor.c.obj
                0x08000220                hw_dcMotor_speedCW
 .text.hw_rotaryEncoder_incrementCW
                0x08000238       0x1e HB_navi_BP/CMakeFiles/HB_navi_BP.dir/__/shared/hw/hw_rotaryEncoder.c.obj
                0x08000238                hw_rotaryEncoder_incrementCW
 .text.hw_rotaryEncoder_resetCountCW
                0x08000256       0x18 HB_navi_BP/CMakeFiles/HB_navi_BP.dir/__/shared/hw/hw_rotaryEncoder.c.obj
                0x08000256                hw_rotaryEncoder_resetCountCW
 .text.io_adc_readPin
                0x0800026e       0x4e HB_navi_BP/CMakeFiles/HB_navi_BP.dir/__/shared/io/io_adc.c.obj
                0x0800026e                io_adc_readPin
 .text.io_adc_getPinIndex
                0x080002bc       0x46 HB_navi_BP/CMakeFiles/HB_navi_BP.dir/__/shared/io/io_adc.c.obj
                0x080002bc                io_adc_getPinIndex
 .text.io_adc_pinEnabled
                0x08000302       0x44 HB_navi_BP/CMakeFiles/HB_navi_BP.dir/__/shared/io/io_adc.c.obj
                0x08000302                io_adc_pinEnabled
 *fill*         0x08000346        0x2 
 .text.io_adc_read_raw
                0x08000348       0x40 HB_navi_BP/CMakeFiles/HB_navi_BP.dir/__/shared/io/io_adc.c.obj
                0x08000348                io_adc_read_raw
 .text.io_pwm_start
                0x08000388       0x3a HB_navi_BP/CMakeFiles/HB_navi_BP.dir/__/shared/io/io_pwm.c.obj
                0x08000388                io_pwm_start
 *fill*         0x080003c2        0x2 
 .text.io_pwm_setDutyCycle
                0x080003c4       0xa8 HB_navi_BP/CMakeFiles/HB_navi_BP.dir/__/shared/io/io_pwm.c.obj
                0x080003c4                io_pwm_setDutyCycle
 .text.io_pwm_stop
                0x0800046c       0x2c HB_navi_BP/CMakeFiles/HB_navi_BP.dir/__/shared/io/io_pwm.c.obj
                0x0800046c                io_pwm_stop
 .text.main     0x08000498       0x2e HB_navi_BP/CMakeFiles/HB_navi_BP.dir/Core/Src/main.c.obj
                0x08000498                main
 .text.SystemClock_Config
                0x080004c6       0xb2 HB_navi_BP/CMakeFiles/HB_navi_BP.dir/Core/Src/main.c.obj
                0x080004c6                SystemClock_Config
 .text.HAL_TIM_PeriodElapsedCallback
                0x08000578       0x24 HB_navi_BP/CMakeFiles/HB_navi_BP.dir/Core/Src/main.c.obj
                0x08000578                HAL_TIM_PeriodElapsedCallback
 .text.Error_Handler
                0x0800059c        0xa HB_navi_BP/CMakeFiles/HB_navi_BP.dir/Core/Src/main.c.obj
                0x0800059c                Error_Handler
 *fill*         0x080005a6        0x2 
 .text.MX_GPIO_Init
                0x080005a8       0xc8 HB_navi_BP/CMakeFiles/HB_navi_BP.dir/Core/Src/gpio.c.obj
                0x080005a8                MX_GPIO_Init
 .text.HAL_ADC_ConvCpltCallback
                0x08000670       0x1c HB_navi_BP/CMakeFiles/HB_navi_BP.dir/Core/Src/freertos.c.obj
                0x08000670                HAL_ADC_ConvCpltCallback
 .text.HAL_GPIO_EXTI_Callback
                0x0800068c       0x4c HB_navi_BP/CMakeFiles/HB_navi_BP.dir/Core/Src/freertos.c.obj
                0x0800068c                HAL_GPIO_EXTI_Callback
 .text.MX_FREERTOS_Init
                0x080006d8       0x24 HB_navi_BP/CMakeFiles/HB_navi_BP.dir/Core/Src/freertos.c.obj
                0x080006d8                MX_FREERTOS_Init
 .text.StartDefaultTask
                0x080006fc      0x134 HB_navi_BP/CMakeFiles/HB_navi_BP.dir/Core/Src/freertos.c.obj
                0x080006fc                StartDefaultTask
 .text.MX_ADC1_Init
                0x08000830       0x9c HB_navi_BP/CMakeFiles/HB_navi_BP.dir/Core/Src/adc.c.obj
                0x08000830                MX_ADC1_Init
 .text.HAL_ADC_MspInit
                0x080008cc       0xd0 HB_navi_BP/CMakeFiles/HB_navi_BP.dir/Core/Src/adc.c.obj
                0x080008cc                HAL_ADC_MspInit
 .text.MX_DMA_Init
                0x0800099c       0x3c HB_navi_BP/CMakeFiles/HB_navi_BP.dir/Core/Src/dma.c.obj
                0x0800099c                MX_DMA_Init
 .text.MX_TIM1_Init
                0x080009d8      0x120 HB_navi_BP/CMakeFiles/HB_navi_BP.dir/Core/Src/tim.c.obj
                0x080009d8                MX_TIM1_Init
 .text.HAL_TIM_PWM_MspInit
                0x08000af8       0x3c HB_navi_BP/CMakeFiles/HB_navi_BP.dir/Core/Src/tim.c.obj
                0x08000af8                HAL_TIM_PWM_MspInit
 .text.HAL_TIM_MspPostInit
                0x08000b34       0x68 HB_navi_BP/CMakeFiles/HB_navi_BP.dir/Core/Src/tim.c.obj
                0x08000b34                HAL_TIM_MspPostInit
 .text.MX_USART1_UART_Init
                0x08000b9c       0x54 HB_navi_BP/CMakeFiles/HB_navi_BP.dir/Core/Src/usart.c.obj
                0x08000b9c                MX_USART1_UART_Init
 .text.HAL_UART_MspInit
                0x08000bf0       0x98 HB_navi_BP/CMakeFiles/HB_navi_BP.dir/Core/Src/usart.c.obj
                0x08000bf0                HAL_UART_MspInit
 .text.NMI_Handler
                0x08000c88        0x6 HB_navi_BP/CMakeFiles/HB_navi_BP.dir/Core/Src/stm32f1xx_it.c.obj
                0x08000c88                NMI_Handler
 .text.HardFault_Handler
                0x08000c8e        0x6 HB_navi_BP/CMakeFiles/HB_navi_BP.dir/Core/Src/stm32f1xx_it.c.obj
                0x08000c8e                HardFault_Handler
 .text.MemManage_Handler
                0x08000c94        0x6 HB_navi_BP/CMakeFiles/HB_navi_BP.dir/Core/Src/stm32f1xx_it.c.obj
                0x08000c94                MemManage_Handler
 .text.BusFault_Handler
                0x08000c9a        0x6 HB_navi_BP/CMakeFiles/HB_navi_BP.dir/Core/Src/stm32f1xx_it.c.obj
                0x08000c9a                BusFault_Handler
 .text.UsageFault_Handler
                0x08000ca0        0x6 HB_navi_BP/CMakeFiles/HB_navi_BP.dir/Core/Src/stm32f1xx_it.c.obj
                0x08000ca0                UsageFault_Handler
 .text.DebugMon_Handler
                0x08000ca6        0xc HB_navi_BP/CMakeFiles/HB_navi_BP.dir/Core/Src/stm32f1xx_it.c.obj
                0x08000ca6                DebugMon_Handler
 .text.EXTI2_IRQHandler
                0x08000cb2        0xe HB_navi_BP/CMakeFiles/HB_navi_BP.dir/Core/Src/stm32f1xx_it.c.obj
                0x08000cb2                EXTI2_IRQHandler
 .text.DMA1_Channel1_IRQHandler
                0x08000cc0       0x14 HB_navi_BP/CMakeFiles/HB_navi_BP.dir/Core/Src/stm32f1xx_it.c.obj
                0x08000cc0                DMA1_Channel1_IRQHandler
 .text.TIM3_IRQHandler
                0x08000cd4       0x14 HB_navi_BP/CMakeFiles/HB_navi_BP.dir/Core/Src/stm32f1xx_it.c.obj
                0x08000cd4                TIM3_IRQHandler
 .text.HAL_MspInit
                0x08000ce8       0x70 HB_navi_BP/CMakeFiles/HB_navi_BP.dir/Core/Src/stm32f1xx_hal_msp.c.obj
                0x08000ce8                HAL_MspInit
 .text.HAL_InitTick
                0x08000d58       0xfc HB_navi_BP/CMakeFiles/HB_navi_BP.dir/Core/Src/stm32f1xx_hal_timebase_tim.c.obj
                0x08000d58                HAL_InitTick
 .text.HAL_ADC_Init
                0x08000e54      0x1b0 HB_navi_BP/CMakeFiles/HB_navi_BP.dir/Drivers/STM32F1xx_HAL_Driver/Src/stm32f1xx_hal_adc.c.obj
                0x08000e54                HAL_ADC_Init
 .text.HAL_ADC_Start_DMA
                0x08001004      0x1bc HB_navi_BP/CMakeFiles/HB_navi_BP.dir/Drivers/STM32F1xx_HAL_Driver/Src/stm32f1xx_hal_adc.c.obj
                0x08001004                HAL_ADC_Start_DMA
 .text.HAL_ADC_ConvHalfCpltCallback
                0x080011c0       0x12 HB_navi_BP/CMakeFiles/HB_navi_BP.dir/Drivers/STM32F1xx_HAL_Driver/Src/stm32f1xx_hal_adc.c.obj
                0x080011c0                HAL_ADC_ConvHalfCpltCallback
 .text.HAL_ADC_ErrorCallback
                0x080011d2       0x12 HB_navi_BP/CMakeFiles/HB_navi_BP.dir/Drivers/STM32F1xx_HAL_Driver/Src/stm32f1xx_hal_adc.c.obj
                0x080011d2                HAL_ADC_ErrorCallback
 .text.HAL_ADC_ConfigChannel
                0x080011e4      0x1f0 HB_navi_BP/CMakeFiles/HB_navi_BP.dir/Drivers/STM32F1xx_HAL_Driver/Src/stm32f1xx_hal_adc.c.obj
                0x080011e4                HAL_ADC_ConfigChannel
 .text.ADC_Enable
                0x080013d4       0xb4 HB_navi_BP/CMakeFiles/HB_navi_BP.dir/Drivers/STM32F1xx_HAL_Driver/Src/stm32f1xx_hal_adc.c.obj
                0x080013d4                ADC_Enable
 .text.ADC_ConversionStop_Disable
                0x08001488       0x82 HB_navi_BP/CMakeFiles/HB_navi_BP.dir/Drivers/STM32F1xx_HAL_Driver/Src/stm32f1xx_hal_adc.c.obj
                0x08001488                ADC_ConversionStop_Disable
 .text.ADC_DMAConvCplt
                0x0800150a       0x7c HB_navi_BP/CMakeFiles/HB_navi_BP.dir/Drivers/STM32F1xx_HAL_Driver/Src/stm32f1xx_hal_adc.c.obj
                0x0800150a                ADC_DMAConvCplt
 .text.ADC_DMAHalfConvCplt
                0x08001586       0x1c HB_navi_BP/CMakeFiles/HB_navi_BP.dir/Drivers/STM32F1xx_HAL_Driver/Src/stm32f1xx_hal_adc.c.obj
                0x08001586                ADC_DMAHalfConvCplt
 .text.ADC_DMAError
                0x080015a2       0x34 HB_navi_BP/CMakeFiles/HB_navi_BP.dir/Drivers/STM32F1xx_HAL_Driver/Src/stm32f1xx_hal_adc.c.obj
                0x080015a2                ADC_DMAError
 *fill*         0x080015d6        0x2 
 .text.HAL_Init
                0x080015d8       0x2c HB_navi_BP/CMakeFiles/HB_navi_BP.dir/Drivers/STM32F1xx_HAL_Driver/Src/stm32f1xx_hal.c.obj
                0x080015d8                HAL_Init
 .text.HAL_IncTick
                0x08001604       0x24 HB_navi_BP/CMakeFiles/HB_navi_BP.dir/Drivers/STM32F1xx_HAL_Driver/Src/stm32f1xx_hal.c.obj
                0x08001604                HAL_IncTick
 .text.HAL_GetTick
                0x08001628       0x14 HB_navi_BP/CMakeFiles/HB_navi_BP.dir/Drivers/STM32F1xx_HAL_Driver/Src/stm32f1xx_hal.c.obj
                0x08001628                HAL_GetTick
 .text.HAL_RCC_OscConfig
                0x0800163c      0x504 HB_navi_BP/CMakeFiles/HB_navi_BP.dir/Drivers/STM32F1xx_HAL_Driver/Src/stm32f1xx_hal_rcc.c.obj
                0x0800163c                HAL_RCC_OscConfig
 .text.HAL_RCC_ClockConfig
                0x08001b40      0x1d4 HB_navi_BP/CMakeFiles/HB_navi_BP.dir/Drivers/STM32F1xx_HAL_Driver/Src/stm32f1xx_hal_rcc.c.obj
                0x08001b40                HAL_RCC_ClockConfig
 .text.HAL_RCC_GetSysClockFreq
                0x08001d14       0xa8 HB_navi_BP/CMakeFiles/HB_navi_BP.dir/Drivers/STM32F1xx_HAL_Driver/Src/stm32f1xx_hal_rcc.c.obj
                0x08001d14                HAL_RCC_GetSysClockFreq
 .text.HAL_RCC_GetHCLKFreq
                0x08001dbc       0x14 HB_navi_BP/CMakeFiles/HB_navi_BP.dir/Drivers/STM32F1xx_HAL_Driver/Src/stm32f1xx_hal_rcc.c.obj
                0x08001dbc                HAL_RCC_GetHCLKFreq
 .text.HAL_RCC_GetPCLK1Freq
                0x08001dd0       0x28 HB_navi_BP/CMakeFiles/HB_navi_BP.dir/Drivers/STM32F1xx_HAL_Driver/Src/stm32f1xx_hal_rcc.c.obj
                0x08001dd0                HAL_RCC_GetPCLK1Freq
 .text.HAL_RCC_GetPCLK2Freq
                0x08001df8       0x28 HB_navi_BP/CMakeFiles/HB_navi_BP.dir/Drivers/STM32F1xx_HAL_Driver/Src/stm32f1xx_hal_rcc.c.obj
                0x08001df8                HAL_RCC_GetPCLK2Freq
 .text.HAL_RCC_GetClockConfig
                0x08001e20       0x60 HB_navi_BP/CMakeFiles/HB_navi_BP.dir/Drivers/STM32F1xx_HAL_Driver/Src/stm32f1xx_hal_rcc.c.obj
                0x08001e20                HAL_RCC_GetClockConfig
 .text.RCC_Delay
                0x08001e80       0x3c HB_navi_BP/CMakeFiles/HB_navi_BP.dir/Drivers/STM32F1xx_HAL_Driver/Src/stm32f1xx_hal_rcc.c.obj
 .text.HAL_RCCEx_PeriphCLKConfig
                0x08001ebc      0x16c HB_navi_BP/CMakeFiles/HB_navi_BP.dir/Drivers/STM32F1xx_HAL_Driver/Src/stm32f1xx_hal_rcc_ex.c.obj
                0x08001ebc                HAL_RCCEx_PeriphCLKConfig
 .text.HAL_GPIO_Init
                0x08002028      0x2f8 HB_navi_BP/CMakeFiles/HB_navi_BP.dir/Drivers/STM32F1xx_HAL_Driver/Src/stm32f1xx_hal_gpio.c.obj
                0x08002028                HAL_GPIO_Init
 .text.HAL_GPIO_WritePin
                0x08002320       0x30 HB_navi_BP/CMakeFiles/HB_navi_BP.dir/Drivers/STM32F1xx_HAL_Driver/Src/stm32f1xx_hal_gpio.c.obj
                0x08002320                HAL_GPIO_WritePin
 .text.HAL_GPIO_EXTI_IRQHandler
                0x08002350       0x30 HB_navi_BP/CMakeFiles/HB_navi_BP.dir/Drivers/STM32F1xx_HAL_Driver/Src/stm32f1xx_hal_gpio.c.obj
                0x08002350                HAL_GPIO_EXTI_IRQHandler
 .text.HAL_DMA_Init
                0x08002380       0xb4 HB_navi_BP/CMakeFiles/HB_navi_BP.dir/Drivers/STM32F1xx_HAL_Driver/Src/stm32f1xx_hal_dma.c.obj
                0x08002380                HAL_DMA_Init
 .text.HAL_DMA_Start_IT
                0x08002434       0xc0 HB_navi_BP/CMakeFiles/HB_navi_BP.dir/Drivers/STM32F1xx_HAL_Driver/Src/stm32f1xx_hal_dma.c.obj
                0x08002434                HAL_DMA_Start_IT
 .text.HAL_DMA_IRQHandler
                0x080024f4      0x20c HB_navi_BP/CMakeFiles/HB_navi_BP.dir/Drivers/STM32F1xx_HAL_Driver/Src/stm32f1xx_hal_dma.c.obj
                0x080024f4                HAL_DMA_IRQHandler
 .text.DMA_SetConfig
                0x08002700       0x5a HB_navi_BP/CMakeFiles/HB_navi_BP.dir/Drivers/STM32F1xx_HAL_Driver/Src/stm32f1xx_hal_dma.c.obj
 *fill*         0x0800275a        0x2 
 .text.__NVIC_SetPriorityGrouping
                0x0800275c       0x48 HB_navi_BP/CMakeFiles/HB_navi_BP.dir/Drivers/STM32F1xx_HAL_Driver/Src/stm32f1xx_hal_cortex.c.obj
 .text.__NVIC_GetPriorityGrouping
                0x080027a4       0x1c HB_navi_BP/CMakeFiles/HB_navi_BP.dir/Drivers/STM32F1xx_HAL_Driver/Src/stm32f1xx_hal_cortex.c.obj
 .text.__NVIC_EnableIRQ
                0x080027c0       0x38 HB_navi_BP/CMakeFiles/HB_navi_BP.dir/Drivers/STM32F1xx_HAL_Driver/Src/stm32f1xx_hal_cortex.c.obj
 .text.__NVIC_SetPriority
                0x080027f8       0x54 HB_navi_BP/CMakeFiles/HB_navi_BP.dir/Drivers/STM32F1xx_HAL_Driver/Src/stm32f1xx_hal_cortex.c.obj
 .text.NVIC_EncodePriority
                0x0800284c       0x64 HB_navi_BP/CMakeFiles/HB_navi_BP.dir/Drivers/STM32F1xx_HAL_Driver/Src/stm32f1xx_hal_cortex.c.obj
 .text.HAL_NVIC_SetPriorityGrouping
                0x080028b0       0x16 HB_navi_BP/CMakeFiles/HB_navi_BP.dir/Drivers/STM32F1xx_HAL_Driver/Src/stm32f1xx_hal_cortex.c.obj
                0x080028b0                HAL_NVIC_SetPriorityGrouping
 .text.HAL_NVIC_SetPriority
                0x080028c6       0x38 HB_navi_BP/CMakeFiles/HB_navi_BP.dir/Drivers/STM32F1xx_HAL_Driver/Src/stm32f1xx_hal_cortex.c.obj
                0x080028c6                HAL_NVIC_SetPriority
 .text.HAL_NVIC_EnableIRQ
                0x080028fe       0x1c HB_navi_BP/CMakeFiles/HB_navi_BP.dir/Drivers/STM32F1xx_HAL_Driver/Src/stm32f1xx_hal_cortex.c.obj
                0x080028fe                HAL_NVIC_EnableIRQ
 .text.HAL_TIM_Base_Init
                0x0800291a       0x9e HB_navi_BP/CMakeFiles/HB_navi_BP.dir/Drivers/STM32F1xx_HAL_Driver/Src/stm32f1xx_hal_tim.c.obj
                0x0800291a                HAL_TIM_Base_Init
 .text.HAL_TIM_Base_MspInit
                0x080029b8       0x12 HB_navi_BP/CMakeFiles/HB_navi_BP.dir/Drivers/STM32F1xx_HAL_Driver/Src/stm32f1xx_hal_tim.c.obj
                0x080029b8                HAL_TIM_Base_MspInit
 *fill*         0x080029ca        0x2 
 .text.HAL_TIM_Base_Start
                0x080029cc       0x88 HB_navi_BP/CMakeFiles/HB_navi_BP.dir/Drivers/STM32F1xx_HAL_Driver/Src/stm32f1xx_hal_tim.c.obj
                0x080029cc                HAL_TIM_Base_Start
 .text.HAL_TIM_Base_Stop
                0x08002a54       0x4c HB_navi_BP/CMakeFiles/HB_navi_BP.dir/Drivers/STM32F1xx_HAL_Driver/Src/stm32f1xx_hal_tim.c.obj
                0x08002a54                HAL_TIM_Base_Stop
 .text.HAL_TIM_Base_Start_IT
                0x08002aa0       0x98 HB_navi_BP/CMakeFiles/HB_navi_BP.dir/Drivers/STM32F1xx_HAL_Driver/Src/stm32f1xx_hal_tim.c.obj
                0x08002aa0                HAL_TIM_Base_Start_IT
 .text.HAL_TIM_PWM_Init
                0x08002b38       0x9e HB_navi_BP/CMakeFiles/HB_navi_BP.dir/Drivers/STM32F1xx_HAL_Driver/Src/stm32f1xx_hal_tim.c.obj
                0x08002b38                HAL_TIM_PWM_Init
 *fill*         0x08002bd6        0x2 
 .text.HAL_TIM_PWM_Start
                0x08002bd8      0x138 HB_navi_BP/CMakeFiles/HB_navi_BP.dir/Drivers/STM32F1xx_HAL_Driver/Src/stm32f1xx_hal_tim.c.obj
                0x08002bd8                HAL_TIM_PWM_Start
 .text.HAL_TIM_PWM_Stop
                0x08002d10       0xc8 HB_navi_BP/CMakeFiles/HB_navi_BP.dir/Drivers/STM32F1xx_HAL_Driver/Src/stm32f1xx_hal_tim.c.obj
                0x08002d10                HAL_TIM_PWM_Stop
 .text.HAL_TIM_IRQHandler
                0x08002dd8      0x210 HB_navi_BP/CMakeFiles/HB_navi_BP.dir/Drivers/STM32F1xx_HAL_Driver/Src/stm32f1xx_hal_tim.c.obj
                0x08002dd8                HAL_TIM_IRQHandler
 .text.HAL_TIM_PWM_ConfigChannel
                0x08002fe8      0x184 HB_navi_BP/CMakeFiles/HB_navi_BP.dir/Drivers/STM32F1xx_HAL_Driver/Src/stm32f1xx_hal_tim.c.obj
                0x08002fe8                HAL_TIM_PWM_ConfigChannel
 .text.HAL_TIM_OC_DelayElapsedCallback
                0x0800316c       0x12 HB_navi_BP/CMakeFiles/HB_navi_BP.dir/Drivers/STM32F1xx_HAL_Driver/Src/stm32f1xx_hal_tim.c.obj
                0x0800316c                HAL_TIM_OC_DelayElapsedCallback
 .text.HAL_TIM_IC_CaptureCallback
                0x0800317e       0x12 HB_navi_BP/CMakeFiles/HB_navi_BP.dir/Drivers/STM32F1xx_HAL_Driver/Src/stm32f1xx_hal_tim.c.obj
                0x0800317e                HAL_TIM_IC_CaptureCallback
 .text.HAL_TIM_PWM_PulseFinishedCallback
                0x08003190       0x12 HB_navi_BP/CMakeFiles/HB_navi_BP.dir/Drivers/STM32F1xx_HAL_Driver/Src/stm32f1xx_hal_tim.c.obj
                0x08003190                HAL_TIM_PWM_PulseFinishedCallback
 .text.HAL_TIM_TriggerCallback
                0x080031a2       0x12 HB_navi_BP/CMakeFiles/HB_navi_BP.dir/Drivers/STM32F1xx_HAL_Driver/Src/stm32f1xx_hal_tim.c.obj
                0x080031a2                HAL_TIM_TriggerCallback
 .text.TIM_Base_SetConfig
                0x080031b4       0xb0 HB_navi_BP/CMakeFiles/HB_navi_BP.dir/Drivers/STM32F1xx_HAL_Driver/Src/stm32f1xx_hal_tim.c.obj
                0x080031b4                TIM_Base_SetConfig
 .text.TIM_OC1_SetConfig
                0x08003264       0xcc HB_navi_BP/CMakeFiles/HB_navi_BP.dir/Drivers/STM32F1xx_HAL_Driver/Src/stm32f1xx_hal_tim.c.obj
 .text.TIM_OC2_SetConfig
                0x08003330       0xd4 HB_navi_BP/CMakeFiles/HB_navi_BP.dir/Drivers/STM32F1xx_HAL_Driver/Src/stm32f1xx_hal_tim.c.obj
                0x08003330                TIM_OC2_SetConfig
 .text.TIM_OC3_SetConfig
                0x08003404       0xd4 HB_navi_BP/CMakeFiles/HB_navi_BP.dir/Drivers/STM32F1xx_HAL_Driver/Src/stm32f1xx_hal_tim.c.obj
 .text.TIM_OC4_SetConfig
                0x080034d8       0x9c HB_navi_BP/CMakeFiles/HB_navi_BP.dir/Drivers/STM32F1xx_HAL_Driver/Src/stm32f1xx_hal_tim.c.obj
 .text.TIM_CCxChannelCmd
                0x08003574       0x48 HB_navi_BP/CMakeFiles/HB_navi_BP.dir/Drivers/STM32F1xx_HAL_Driver/Src/stm32f1xx_hal_tim.c.obj
                0x08003574                TIM_CCxChannelCmd
 .text.HAL_TIMEx_MasterConfigSynchronization
                0x080035bc       0xb0 HB_navi_BP/CMakeFiles/HB_navi_BP.dir/Drivers/STM32F1xx_HAL_Driver/Src/stm32f1xx_hal_tim_ex.c.obj
                0x080035bc                HAL_TIMEx_MasterConfigSynchronization
 .text.HAL_TIMEx_ConfigBreakDeadTime
                0x0800366c       0xa2 HB_navi_BP/CMakeFiles/HB_navi_BP.dir/Drivers/STM32F1xx_HAL_Driver/Src/stm32f1xx_hal_tim_ex.c.obj
                0x0800366c                HAL_TIMEx_ConfigBreakDeadTime
 .text.HAL_TIMEx_CommutCallback
                0x0800370e       0x12 HB_navi_BP/CMakeFiles/HB_navi_BP.dir/Drivers/STM32F1xx_HAL_Driver/Src/stm32f1xx_hal_tim_ex.c.obj
                0x0800370e                HAL_TIMEx_CommutCallback
 .text.HAL_TIMEx_BreakCallback
                0x08003720       0x12 HB_navi_BP/CMakeFiles/HB_navi_BP.dir/Drivers/STM32F1xx_HAL_Driver/Src/stm32f1xx_hal_tim_ex.c.obj
                0x08003720                HAL_TIMEx_BreakCallback
 .text.HAL_UART_Init
                0x08003732       0xa0 HB_navi_BP/CMakeFiles/HB_navi_BP.dir/Drivers/STM32F1xx_HAL_Driver/Src/stm32f1xx_hal_uart.c.obj
                0x08003732                HAL_UART_Init
 .text.HAL_UART_Transmit
                0x080037d2      0x106 HB_navi_BP/CMakeFiles/HB_navi_BP.dir/Drivers/STM32F1xx_HAL_Driver/Src/stm32f1xx_hal_uart.c.obj
                0x080037d2                HAL_UART_Transmit
 .text.UART_WaitOnFlagUntilTimeout
                0x080038d8       0xdc HB_navi_BP/CMakeFiles/HB_navi_BP.dir/Drivers/STM32F1xx_HAL_Driver/Src/stm32f1xx_hal_uart.c.obj
 .text.UART_SetConfig
                0x080039b4      0x11c HB_navi_BP/CMakeFiles/HB_navi_BP.dir/Drivers/STM32F1xx_HAL_Driver/Src/stm32f1xx_hal_uart.c.obj
 .text.SystemInit
                0x08003ad0        0xc HB_navi_BP/CMakeFiles/HB_navi_BP.dir/Core/Src/system_stm32f1xx.c.obj
                0x08003ad0                SystemInit
 .text.vListInitialise
                0x08003adc       0x3e HB_navi_BP/CMakeFiles/HB_navi_BP.dir/Middlewares/Third_Party/FreeRTOS/Source/list.c.obj
                0x08003adc                vListInitialise
 .text.vListInitialiseItem
                0x08003b1a       0x18 HB_navi_BP/CMakeFiles/HB_navi_BP.dir/Middlewares/Third_Party/FreeRTOS/Source/list.c.obj
                0x08003b1a                vListInitialiseItem
 .text.vListInsertEnd
                0x08003b32       0x46 HB_navi_BP/CMakeFiles/HB_navi_BP.dir/Middlewares/Third_Party/FreeRTOS/Source/list.c.obj
                0x08003b32                vListInsertEnd
 .text.vListInsert
                0x08003b78       0x70 HB_navi_BP/CMakeFiles/HB_navi_BP.dir/Middlewares/Third_Party/FreeRTOS/Source/list.c.obj
                0x08003b78                vListInsert
 .text.uxListRemove
                0x08003be8       0x52 HB_navi_BP/CMakeFiles/HB_navi_BP.dir/Middlewares/Third_Party/FreeRTOS/Source/list.c.obj
                0x08003be8                uxListRemove
 *fill*         0x08003c3a        0x2 
 .text.xQueueGenericReset
                0x08003c3c       0xd0 HB_navi_BP/CMakeFiles/HB_navi_BP.dir/Middlewares/Third_Party/FreeRTOS/Source/queue.c.obj
                0x08003c3c                xQueueGenericReset
 .text.xQueueGenericCreateStatic
                0x08003d0c       0xee HB_navi_BP/CMakeFiles/HB_navi_BP.dir/Middlewares/Third_Party/FreeRTOS/Source/queue.c.obj
                0x08003d0c                xQueueGenericCreateStatic
 .text.prvInitialiseNewQueue
                0x08003dfa       0x46 HB_navi_BP/CMakeFiles/HB_navi_BP.dir/Middlewares/Third_Party/FreeRTOS/Source/queue.c.obj
 .text.xQueueGenericSend
                0x08003e40      0x1fc HB_navi_BP/CMakeFiles/HB_navi_BP.dir/Middlewares/Third_Party/FreeRTOS/Source/queue.c.obj
                0x08003e40                xQueueGenericSend
 .text.xQueueGenericSendFromISR
                0x0800403c      0x130 HB_navi_BP/CMakeFiles/HB_navi_BP.dir/Middlewares/Third_Party/FreeRTOS/Source/queue.c.obj
                0x0800403c                xQueueGenericSendFromISR
 .text.xQueueReceive
                0x0800416c      0x1c0 HB_navi_BP/CMakeFiles/HB_navi_BP.dir/Middlewares/Third_Party/FreeRTOS/Source/queue.c.obj
                0x0800416c                xQueueReceive
 .text.prvCopyDataToQueue
                0x0800432c       0xd4 HB_navi_BP/CMakeFiles/HB_navi_BP.dir/Middlewares/Third_Party/FreeRTOS/Source/queue.c.obj
 .text.prvCopyDataFromQueue
                0x08004400       0x4c HB_navi_BP/CMakeFiles/HB_navi_BP.dir/Middlewares/Third_Party/FreeRTOS/Source/queue.c.obj
 .text.prvUnlockQueue
                0x0800444c       0xa4 HB_navi_BP/CMakeFiles/HB_navi_BP.dir/Middlewares/Third_Party/FreeRTOS/Source/queue.c.obj
 .text.prvIsQueueEmpty
                0x080044f0       0x2c HB_navi_BP/CMakeFiles/HB_navi_BP.dir/Middlewares/Third_Party/FreeRTOS/Source/queue.c.obj
 .text.prvIsQueueFull
                0x0800451c       0x30 HB_navi_BP/CMakeFiles/HB_navi_BP.dir/Middlewares/Third_Party/FreeRTOS/Source/queue.c.obj
 .text.vQueueAddToRegistry
                0x0800454c       0x50 HB_navi_BP/CMakeFiles/HB_navi_BP.dir/Middlewares/Third_Party/FreeRTOS/Source/queue.c.obj
                0x0800454c                vQueueAddToRegistry
 .text.vQueueWaitForMessageRestricted
                0x0800459c       0x68 HB_navi_BP/CMakeFiles/HB_navi_BP.dir/Middlewares/Third_Party/FreeRTOS/Source/queue.c.obj
                0x0800459c                vQueueWaitForMessageRestricted
 .text.xTaskCreateStatic
                0x08004604       0xb8 HB_navi_BP/CMakeFiles/HB_navi_BP.dir/Middlewares/Third_Party/FreeRTOS/Source/tasks.c.obj
                0x08004604                xTaskCreateStatic
 .text.xTaskCreate
                0x080046bc       0x8a HB_navi_BP/CMakeFiles/HB_navi_BP.dir/Middlewares/Third_Party/FreeRTOS/Source/tasks.c.obj
                0x080046bc                xTaskCreate
 .text.prvInitialiseNewTask
                0x08004746      0x10e HB_navi_BP/CMakeFiles/HB_navi_BP.dir/Middlewares/Third_Party/FreeRTOS/Source/tasks.c.obj
 .text.prvAddNewTaskToReadyList
                0x08004854       0xe0 HB_navi_BP/CMakeFiles/HB_navi_BP.dir/Middlewares/Third_Party/FreeRTOS/Source/tasks.c.obj
 .text.vTaskDelayUntil
                0x08004934       0xfc HB_navi_BP/CMakeFiles/HB_navi_BP.dir/Middlewares/Third_Party/FreeRTOS/Source/tasks.c.obj
                0x08004934                vTaskDelayUntil
 .text.vTaskStartScheduler
                0x08004a30       0xcc HB_navi_BP/CMakeFiles/HB_navi_BP.dir/Middlewares/Third_Party/FreeRTOS/Source/tasks.c.obj
                0x08004a30                vTaskStartScheduler
 .text.vTaskSuspendAll
                0x08004afc       0x1c HB_navi_BP/CMakeFiles/HB_navi_BP.dir/Middlewares/Third_Party/FreeRTOS/Source/tasks.c.obj
                0x08004afc                vTaskSuspendAll
 .text.xTaskResumeAll
                0x08004b18      0x13c HB_navi_BP/CMakeFiles/HB_navi_BP.dir/Middlewares/Third_Party/FreeRTOS/Source/tasks.c.obj
                0x08004b18                xTaskResumeAll
 .text.xTaskGetTickCount
                0x08004c54       0x1c HB_navi_BP/CMakeFiles/HB_navi_BP.dir/Middlewares/Third_Party/FreeRTOS/Source/tasks.c.obj
                0x08004c54                xTaskGetTickCount
 .text.xTaskGetTickCountFromISR
                0x08004c70       0x24 HB_navi_BP/CMakeFiles/HB_navi_BP.dir/Middlewares/Third_Party/FreeRTOS/Source/tasks.c.obj
                0x08004c70                xTaskGetTickCountFromISR
 .text.xTaskIncrementTick
                0x08004c94      0x17c HB_navi_BP/CMakeFiles/HB_navi_BP.dir/Middlewares/Third_Party/FreeRTOS/Source/tasks.c.obj
                0x08004c94                xTaskIncrementTick
 .text.vTaskSwitchContext
                0x08004e10       0xb8 HB_navi_BP/CMakeFiles/HB_navi_BP.dir/Middlewares/Third_Party/FreeRTOS/Source/tasks.c.obj
                0x08004e10                vTaskSwitchContext
 .text.vTaskPlaceOnEventList
                0x08004ec8       0x48 HB_navi_BP/CMakeFiles/HB_navi_BP.dir/Middlewares/Third_Party/FreeRTOS/Source/tasks.c.obj
                0x08004ec8                vTaskPlaceOnEventList
 .text.vTaskPlaceOnEventListRestricted
                0x08004f10       0x58 HB_navi_BP/CMakeFiles/HB_navi_BP.dir/Middlewares/Third_Party/FreeRTOS/Source/tasks.c.obj
                0x08004f10                vTaskPlaceOnEventListRestricted
 .text.xTaskRemoveFromEventList
                0x08004f68       0xc8 HB_navi_BP/CMakeFiles/HB_navi_BP.dir/Middlewares/Third_Party/FreeRTOS/Source/tasks.c.obj
                0x08004f68                xTaskRemoveFromEventList
 .text.vTaskInternalSetTimeOutState
                0x08005030       0x2c HB_navi_BP/CMakeFiles/HB_navi_BP.dir/Middlewares/Third_Party/FreeRTOS/Source/tasks.c.obj
                0x08005030                vTaskInternalSetTimeOutState
 .text.xTaskCheckForTimeOut
                0x0800505c       0xc4 HB_navi_BP/CMakeFiles/HB_navi_BP.dir/Middlewares/Third_Party/FreeRTOS/Source/tasks.c.obj
                0x0800505c                xTaskCheckForTimeOut
 .text.vTaskMissedYield
                0x08005120       0x18 HB_navi_BP/CMakeFiles/HB_navi_BP.dir/Middlewares/Third_Party/FreeRTOS/Source/tasks.c.obj
                0x08005120                vTaskMissedYield
 .text.prvIdleTask
                0x08005138       0x30 HB_navi_BP/CMakeFiles/HB_navi_BP.dir/Middlewares/Third_Party/FreeRTOS/Source/tasks.c.obj
 .text.prvInitialiseTaskLists
                0x08005168       0x80 HB_navi_BP/CMakeFiles/HB_navi_BP.dir/Middlewares/Third_Party/FreeRTOS/Source/tasks.c.obj
 .text.prvCheckTasksWaitingTermination
                0x080051e8       0x5c HB_navi_BP/CMakeFiles/HB_navi_BP.dir/Middlewares/Third_Party/FreeRTOS/Source/tasks.c.obj
 .text.prvDeleteTCB
                0x08005244       0x5e HB_navi_BP/CMakeFiles/HB_navi_BP.dir/Middlewares/Third_Party/FreeRTOS/Source/tasks.c.obj
 *fill*         0x080052a2        0x2 
 .text.prvResetNextTaskUnblockTime
                0x080052a4       0x48 HB_navi_BP/CMakeFiles/HB_navi_BP.dir/Middlewares/Third_Party/FreeRTOS/Source/tasks.c.obj
 .text.xTaskGetSchedulerState
                0x080052ec       0x3c HB_navi_BP/CMakeFiles/HB_navi_BP.dir/Middlewares/Third_Party/FreeRTOS/Source/tasks.c.obj
                0x080052ec                xTaskGetSchedulerState
 .text.xTaskPriorityDisinherit
                0x08005328       0xdc HB_navi_BP/CMakeFiles/HB_navi_BP.dir/Middlewares/Third_Party/FreeRTOS/Source/tasks.c.obj
                0x08005328                xTaskPriorityDisinherit
 .text.prvAddCurrentTaskToDelayedList
                0x08005404       0xa8 HB_navi_BP/CMakeFiles/HB_navi_BP.dir/Middlewares/Third_Party/FreeRTOS/Source/tasks.c.obj
 .text.xTimerCreateTimerTask
                0x080054ac       0x90 HB_navi_BP/CMakeFiles/HB_navi_BP.dir/Middlewares/Third_Party/FreeRTOS/Source/timers.c.obj
                0x080054ac                xTimerCreateTimerTask
 .text.xTimerGenericCommand
                0x0800553c       0x9c HB_navi_BP/CMakeFiles/HB_navi_BP.dir/Middlewares/Third_Party/FreeRTOS/Source/timers.c.obj
                0x0800553c                xTimerGenericCommand
 .text.prvProcessExpiredTimer
                0x080055d8       0x80 HB_navi_BP/CMakeFiles/HB_navi_BP.dir/Middlewares/Third_Party/FreeRTOS/Source/timers.c.obj
 .text.prvTimerTask
                0x08005658       0x24 HB_navi_BP/CMakeFiles/HB_navi_BP.dir/Middlewares/Third_Party/FreeRTOS/Source/timers.c.obj
 .text.prvProcessTimerOrBlockTask
                0x0800567c       0x9c HB_navi_BP/CMakeFiles/HB_navi_BP.dir/Middlewares/Third_Party/FreeRTOS/Source/timers.c.obj
 .text.prvGetNextExpireTime
                0x08005718       0x48 HB_navi_BP/CMakeFiles/HB_navi_BP.dir/Middlewares/Third_Party/FreeRTOS/Source/timers.c.obj
 .text.prvSampleTimeNow
                0x08005760       0x40 HB_navi_BP/CMakeFiles/HB_navi_BP.dir/Middlewares/Third_Party/FreeRTOS/Source/timers.c.obj
 .text.prvInsertTimerInActiveList
                0x080057a0       0x84 HB_navi_BP/CMakeFiles/HB_navi_BP.dir/Middlewares/Third_Party/FreeRTOS/Source/timers.c.obj
 .text.prvProcessReceivedCommands
                0x08005824      0x168 HB_navi_BP/CMakeFiles/HB_navi_BP.dir/Middlewares/Third_Party/FreeRTOS/Source/timers.c.obj
 .text.prvSwitchTimerLists
                0x0800598c       0xc4 HB_navi_BP/CMakeFiles/HB_navi_BP.dir/Middlewares/Third_Party/FreeRTOS/Source/timers.c.obj
 .text.prvCheckForValidListAndQueue
                0x08005a50       0x80 HB_navi_BP/CMakeFiles/HB_navi_BP.dir/Middlewares/Third_Party/FreeRTOS/Source/timers.c.obj
 .text.osKernelInitialize
                0x08005ad0       0x64 HB_navi_BP/CMakeFiles/HB_navi_BP.dir/Middlewares/Third_Party/FreeRTOS/Source/CMSIS_RTOS_V2/cmsis_os2.c.obj
                0x08005ad0                osKernelInitialize
 .text.osKernelStart
                0x08005b34       0x68 HB_navi_BP/CMakeFiles/HB_navi_BP.dir/Middlewares/Third_Party/FreeRTOS/Source/CMSIS_RTOS_V2/cmsis_os2.c.obj
                0x08005b34                osKernelStart
 .text.osKernelGetTickCount
                0x08005b9c       0x50 HB_navi_BP/CMakeFiles/HB_navi_BP.dir/Middlewares/Third_Party/FreeRTOS/Source/CMSIS_RTOS_V2/cmsis_os2.c.obj
                0x08005b9c                osKernelGetTickCount
 .text.osThreadNew
                0x08005bec      0x154 HB_navi_BP/CMakeFiles/HB_navi_BP.dir/Middlewares/Third_Party/FreeRTOS/Source/CMSIS_RTOS_V2/cmsis_os2.c.obj
                0x08005bec                osThreadNew
 .text.osDelayUntil
                0x08005d40       0x68 HB_navi_BP/CMakeFiles/HB_navi_BP.dir/Middlewares/Third_Party/FreeRTOS/Source/CMSIS_RTOS_V2/cmsis_os2.c.obj
                0x08005d40                osDelayUntil
 .text.vApplicationGetIdleTaskMemory
                0x08005da8       0x30 HB_navi_BP/CMakeFiles/HB_navi_BP.dir/Middlewares/Third_Party/FreeRTOS/Source/CMSIS_RTOS_V2/cmsis_os2.c.obj
                0x08005da8                vApplicationGetIdleTaskMemory
 .text.vApplicationGetTimerTaskMemory
                0x08005dd8       0x34 HB_navi_BP/CMakeFiles/HB_navi_BP.dir/Middlewares/Third_Party/FreeRTOS/Source/CMSIS_RTOS_V2/cmsis_os2.c.obj
                0x08005dd8                vApplicationGetTimerTaskMemory
 .text.pvPortMalloc
                0x08005e0c      0x188 HB_navi_BP/CMakeFiles/HB_navi_BP.dir/Middlewares/Third_Party/FreeRTOS/Source/portable/MemMang/heap_4.c.obj
                0x08005e0c                pvPortMalloc
 .text.vPortFree
                0x08005f94       0xb4 HB_navi_BP/CMakeFiles/HB_navi_BP.dir/Middlewares/Third_Party/FreeRTOS/Source/portable/MemMang/heap_4.c.obj
                0x08005f94                vPortFree
 .text.prvHeapInit
                0x08006048       0xc4 HB_navi_BP/CMakeFiles/HB_navi_BP.dir/Middlewares/Third_Party/FreeRTOS/Source/portable/MemMang/heap_4.c.obj
 .text.prvInsertBlockIntoFreeList
                0x0800610c       0xb0 HB_navi_BP/CMakeFiles/HB_navi_BP.dir/Middlewares/Third_Party/FreeRTOS/Source/portable/MemMang/heap_4.c.obj
 .text.pxPortInitialiseStack
                0x080061bc       0x58 HB_navi_BP/CMakeFiles/HB_navi_BP.dir/Middlewares/Third_Party/FreeRTOS/Source/portable/GCC/ARM_CM3/port.c.obj
                0x080061bc                pxPortInitialiseStack
 .text.prvTaskExitError
                0x08006214       0x58 HB_navi_BP/CMakeFiles/HB_navi_BP.dir/Middlewares/Third_Party/FreeRTOS/Source/portable/GCC/ARM_CM3/port.c.obj
 *fill*         0x0800626c        0x4 
 .text.SVC_Handler
                0x08006270       0x28 HB_navi_BP/CMakeFiles/HB_navi_BP.dir/Middlewares/Third_Party/FreeRTOS/Source/portable/GCC/ARM_CM3/port.c.obj
                0x08006270                SVC_Handler
 .text.prvPortStartFirstTask
                0x08006298       0x20 HB_navi_BP/CMakeFiles/HB_navi_BP.dir/Middlewares/Third_Party/FreeRTOS/Source/portable/GCC/ARM_CM3/port.c.obj
 .text.xPortStartScheduler
                0x080062b8       0xe4 HB_navi_BP/CMakeFiles/HB_navi_BP.dir/Middlewares/Third_Party/FreeRTOS/Source/portable/GCC/ARM_CM3/port.c.obj
                0x080062b8                xPortStartScheduler
 .text.vPortEnterCritical
                0x0800639c       0x60 HB_navi_BP/CMakeFiles/HB_navi_BP.dir/Middlewares/Third_Party/FreeRTOS/Source/portable/GCC/ARM_CM3/port.c.obj
                0x0800639c                vPortEnterCritical
 .text.vPortExitCritical
                0x080063fc       0x50 HB_navi_BP/CMakeFiles/HB_navi_BP.dir/Middlewares/Third_Party/FreeRTOS/Source/portable/GCC/ARM_CM3/port.c.obj
                0x080063fc                vPortExitCritical
 *fill*         0x0800644c        0x4 
 .text.PendSV_Handler
                0x08006450       0x48 HB_navi_BP/CMakeFiles/HB_navi_BP.dir/Middlewares/Third_Party/FreeRTOS/Source/portable/GCC/ARM_CM3/port.c.obj
                0x08006450                PendSV_Handler
 .text.SysTick_Handler
                0x08006498       0x44 HB_navi_BP/CMakeFiles/HB_navi_BP.dir/Middlewares/Third_Party/FreeRTOS/Source/portable/GCC/ARM_CM3/port.c.obj
                0x08006498                SysTick_Handler
 .text.vPortSetupTimerInterrupt
                0x080064dc       0x44 HB_navi_BP/CMakeFiles/HB_navi_BP.dir/Middlewares/Third_Party/FreeRTOS/Source/portable/GCC/ARM_CM3/port.c.obj
                0x080064dc                vPortSetupTimerInterrupt
 .text.vPortValidateInterruptPriority
                0x08006520       0x7c HB_navi_BP/CMakeFiles/HB_navi_BP.dir/Middlewares/Third_Party/FreeRTOS/Source/portable/GCC/ARM_CM3/port.c.obj
                0x08006520                vPortValidateInterruptPriority
 .text._sbrk    0x0800659c       0x6c HB_navi_BP/CMakeFiles/HB_navi_BP.dir/Core/Src/sysmem.c.obj
                0x0800659c                _sbrk
 .text.Reset_Handler
                0x08006608       0x48 HB_navi_BP/CMakeFiles/HB_navi_BP.dir/startup_stm32f103x6.s.obj
                0x08006608                Reset_Handler
 .text.Default_Handler
                0x08006650        0x2 HB_navi_BP/CMakeFiles/HB_navi_BP.dir/startup_stm32f103x6.s.obj
                0x08006650                RTC_Alarm_IRQHandler
                0x08006650                TIM1_CC_IRQHandler
                0x08006650                PVD_IRQHandler
                0x08006650                EXTI3_IRQHandler
                0x08006650                EXTI0_IRQHandler
                0x08006650                ADC1_2_IRQHandler
                0x08006650                SPI1_IRQHandler
                0x08006650                TAMPER_IRQHandler
                0x08006650                DMA1_Channel4_IRQHandler
                0x08006650                RTC_IRQHandler
                0x08006650                DMA1_Channel7_IRQHandler
                0x08006650                CAN1_RX1_IRQHandler
                0x08006650                I2C1_EV_IRQHandler
                0x08006650                DMA1_Channel6_IRQHandler
                0x08006650                RCC_IRQHandler
                0x08006650                TIM1_TRG_COM_IRQHandler
                0x08006650                Default_Handler
                0x08006650                EXTI15_10_IRQHandler
                0x08006650                EXTI9_5_IRQHandler
                0x08006650                DMA1_Channel5_IRQHandler
                0x08006650                EXTI4_IRQHandler
                0x08006650                USB_LP_CAN1_RX0_IRQHandler
                0x08006650                USB_HP_CAN1_TX_IRQHandler
                0x08006650                DMA1_Channel3_IRQHandler
                0x08006650                TIM1_UP_IRQHandler
                0x08006650                WWDG_IRQHandler
                0x08006650                TIM2_IRQHandler
                0x08006650                TIM1_BRK_IRQHandler
                0x08006650                EXTI1_IRQHandler
                0x08006650                USART2_IRQHandler
                0x08006650                DMA1_Channel2_IRQHandler
                0x08006650                CAN1_SCE_IRQHandler
                0x08006650                FLASH_IRQHandler
                0x08006650                USART1_IRQHandler
                0x08006650                I2C1_ER_IRQHandler
                0x08006650                USBWakeUp_IRQHandler
 *fill*         0x08006652        0x2 
 .text.__errno  0x08006654        0xc c:/progra~2/gnuarm~1/102021~1.10/bin/../lib/gcc/arm-none-eabi/10.3.1/../../../../arm-none-eabi/lib/thumb/v7-m/nofp\libg_nano.a(lib_a-errno.o)
                0x08006654                __errno
 .text.memcpy   0x08006660       0x1c c:/progra~2/gnuarm~1/102021~1.10/bin/../lib/gcc/arm-none-eabi/10.3.1/../../../../arm-none-eabi/lib/thumb/v7-m/nofp\libg_nano.a(lib_a-memcpy-stub.o)
                0x08006660                memcpy
 .text.sprintf  0x0800667c       0x40 c:/progra~2/gnuarm~1/102021~1.10/bin/../lib/gcc/arm-none-eabi/10.3.1/../../../../arm-none-eabi/lib/thumb/v7-m/nofp\libg_nano.a(lib_a-sprintf.o)
                0x0800667c                siprintf
                0x0800667c                sprintf
 .text.__ssputs_r
                0x080066bc       0xb6 c:/progra~2/gnuarm~1/102021~1.10/bin/../lib/gcc/arm-none-eabi/10.3.1/../../../../arm-none-eabi/lib/thumb/v7-m/nofp\libg_nano.a(lib_a-nano-svfprintf.o)
                0x080066bc                __ssputs_r
 *fill*         0x08006772        0x2 
 .text._svfprintf_r
                0x08006774      0x200 c:/progra~2/gnuarm~1/102021~1.10/bin/../lib/gcc/arm-none-eabi/10.3.1/../../../../arm-none-eabi/lib/thumb/v7-m/nofp\libg_nano.a(lib_a-nano-svfprintf.o)
                0x08006774                _svfiprintf_r
                0x08006774                _svfprintf_r
 .text._printf_common
                0x08006974       0xde c:/progra~2/gnuarm~1/102021~1.10/bin/../lib/gcc/arm-none-eabi/10.3.1/../../../../arm-none-eabi/lib/thumb/v7-m/nofp\libg_nano.a(lib_a-nano-vfprintf_i.o)
                0x08006974                _printf_common
 *fill*         0x08006a52        0x2 
 .text._printf_i
                0x08006a54      0x24c c:/progra~2/gnuarm~1/102021~1.10/bin/../lib/gcc/arm-none-eabi/10.3.1/../../../../arm-none-eabi/lib/thumb/v7-m/nofp\libg_nano.a(lib_a-nano-vfprintf_i.o)
                0x08006a54                _printf_i
 .text.memchr   0x08006ca0       0x1c c:/progra~2/gnuarm~1/102021~1.10/bin/../lib/gcc/arm-none-eabi/10.3.1/../../../../arm-none-eabi/lib/thumb/v7-m/nofp\libg_nano.a(lib_a-memchr-stub.o)
                0x08006ca0                memchr
 .text.memmove  0x08006cbc       0x34 c:/progra~2/gnuarm~1/102021~1.10/bin/../lib/gcc/arm-none-eabi/10.3.1/../../../../arm-none-eabi/lib/thumb/v7-m/nofp\libg_nano.a(lib_a-memmove.o)
                0x08006cbc                memmove
 .text._free_r  0x08006cf0       0x90 c:/progra~2/gnuarm~1/102021~1.10/bin/../lib/gcc/arm-none-eabi/10.3.1/../../../../arm-none-eabi/lib/thumb/v7-m/nofp\libg_nano.a(lib_a-nano-freer.o)
                0x08006cf0                _free_r
 .text.sbrk_aligned
                0x08006d80       0x40 c:/progra~2/gnuarm~1/102021~1.10/bin/../lib/gcc/arm-none-eabi/10.3.1/../../../../arm-none-eabi/lib/thumb/v7-m/nofp\libg_nano.a(lib_a-nano-mallocr.o)
 .text._malloc_r
                0x08006dc0       0xe8 c:/progra~2/gnuarm~1/102021~1.10/bin/../lib/gcc/arm-none-eabi/10.3.1/../../../../arm-none-eabi/lib/thumb/v7-m/nofp\libg_nano.a(lib_a-nano-mallocr.o)
                0x08006dc0                _malloc_r
 .text._realloc_r
                0x08006ea8       0x5e c:/progra~2/gnuarm~1/102021~1.10/bin/../lib/gcc/arm-none-eabi/10.3.1/../../../../arm-none-eabi/lib/thumb/v7-m/nofp\libg_nano.a(lib_a-nano-reallocr.o)
                0x08006ea8                _realloc_r
 *fill*         0x08006f06        0x2 
 .text._sbrk_r  0x08006f08       0x20 c:/progra~2/gnuarm~1/102021~1.10/bin/../lib/gcc/arm-none-eabi/10.3.1/../../../../arm-none-eabi/lib/thumb/v7-m/nofp\libg_nano.a(lib_a-sbrkr.o)
                0x08006f08                _sbrk_r
 .text.__malloc_lock
                0x08006f28        0xc c:/progra~2/gnuarm~1/102021~1.10/bin/../lib/gcc/arm-none-eabi/10.3.1/../../../../arm-none-eabi/lib/thumb/v7-m/nofp\libg_nano.a(lib_a-mlock.o)
                0x08006f28                __malloc_lock
 .text.__malloc_unlock
                0x08006f34        0xc c:/progra~2/gnuarm~1/102021~1.10/bin/../lib/gcc/arm-none-eabi/10.3.1/../../../../arm-none-eabi/lib/thumb/v7-m/nofp\libg_nano.a(lib_a-mlock.o)
                0x08006f34                __malloc_unlock
 .text._malloc_usable_size_r
                0x08006f40       0x10 c:/progra~2/gnuarm~1/102021~1.10/bin/../lib/gcc/arm-none-eabi/10.3.1/../../../../arm-none-eabi/lib/thumb/v7-m/nofp\libg_nano.a(lib_a-nano-msizer.o)
                0x08006f40                _malloc_usable_size_r
 .text.__retarget_lock_acquire_recursive
                0x08006f50        0x2 c:/progra~2/gnuarm~1/102021~1.10/bin/../lib/gcc/arm-none-eabi/10.3.1/../../../../arm-none-eabi/lib/thumb/v7-m/nofp\libg_nano.a(lib_a-lock.o)
                0x08006f50                __retarget_lock_acquire_recursive
 .text.__retarget_lock_release_recursive
                0x08006f52        0x2 c:/progra~2/gnuarm~1/102021~1.10/bin/../lib/gcc/arm-none-eabi/10.3.1/../../../../arm-none-eabi/lib/thumb/v7-m/nofp\libg_nano.a(lib_a-lock.o)
                0x08006f52                __retarget_lock_release_recursive
 *(.glue_7)
 .glue_7        0x08006f54        0x0 linker stubs
 *(.glue_7t)
 .glue_7t       0x08006f54        0x0 linker stubs
 *(.eh_frame)
 .eh_frame      0x08006f54        0x0 c:/progra~2/gnuarm~1/102021~1.10/bin/../lib/gcc/arm-none-eabi/10.3.1/thumb/v7-m/nofp/crtbegin.o
 *(.init)
 .init          0x08006f54        0x4 c:/progra~2/gnuarm~1/102021~1.10/bin/../lib/gcc/arm-none-eabi/10.3.1/thumb/v7-m/nofp/crti.o
                0x08006f54                _init
 .init          0x08006f58        0x8 c:/progra~2/gnuarm~1/102021~1.10/bin/../lib/gcc/arm-none-eabi/10.3.1/thumb/v7-m/nofp/crtn.o
 *(.fini)
 .fini          0x08006f60        0x4 c:/progra~2/gnuarm~1/102021~1.10/bin/../lib/gcc/arm-none-eabi/10.3.1/thumb/v7-m/nofp/crti.o
                0x08006f60                _fini
 .fini          0x08006f64        0x8 c:/progra~2/gnuarm~1/102021~1.10/bin/../lib/gcc/arm-none-eabi/10.3.1/thumb/v7-m/nofp/crtn.o
                0x08006f6c                . = ALIGN (0x4)
                0x08006f6c                _etext = .

.vfp11_veneer   0x08006f6c        0x0
 .vfp11_veneer  0x08006f6c        0x0 linker stubs

.v4_bx          0x08006f6c        0x0
 .v4_bx         0x08006f6c        0x0 linker stubs

.iplt           0x08006f6c        0x0
 .iplt          0x08006f6c        0x0 c:/progra~2/gnuarm~1/102021~1.10/bin/../lib/gcc/arm-none-eabi/10.3.1/thumb/v7-m/nofp/crtbegin.o

.rodata         0x08006f6c       0xe4
                0x08006f6c                . = ALIGN (0x4)
 *(.rodata)
 .rodata        0x08006f6c       0x48 HB_navi_BP/CMakeFiles/HB_navi_BP.dir/Core/Src/freertos.c.obj
 .rodata        0x08006fb4        0x5 HB_navi_BP/CMakeFiles/HB_navi_BP.dir/Middlewares/Third_Party/FreeRTOS/Source/tasks.c.obj
 *fill*         0x08006fb9        0x3 
 .rodata        0x08006fbc        0xd HB_navi_BP/CMakeFiles/HB_navi_BP.dir/Middlewares/Third_Party/FreeRTOS/Source/timers.c.obj
 *(.rodata*)
 *fill*         0x08006fc9        0x3 
 .rodata.defaultTask_attributes
                0x08006fcc       0x24 HB_navi_BP/CMakeFiles/HB_navi_BP.dir/Core/Src/freertos.c.obj
                0x08006fcc                defaultTask_attributes
 .rodata.aPLLMULFactorTable.1
                0x08006ff0       0x10 HB_navi_BP/CMakeFiles/HB_navi_BP.dir/Drivers/STM32F1xx_HAL_Driver/Src/stm32f1xx_hal_rcc.c.obj
 .rodata.aPredivFactorTable.0
                0x08007000        0x2 HB_navi_BP/CMakeFiles/HB_navi_BP.dir/Drivers/STM32F1xx_HAL_Driver/Src/stm32f1xx_hal_rcc.c.obj
 *fill*         0x08007002        0x2 
 .rodata.AHBPrescTable
                0x08007004       0x10 HB_navi_BP/CMakeFiles/HB_navi_BP.dir/Core/Src/system_stm32f1xx.c.obj
                0x08007004                AHBPrescTable
 .rodata.APBPrescTable
                0x08007014        0x8 HB_navi_BP/CMakeFiles/HB_navi_BP.dir/Core/Src/system_stm32f1xx.c.obj
                0x08007014                APBPrescTable
 .rodata._svfprintf_r.str1.1
                0x0800701c       0x11 c:/progra~2/gnuarm~1/102021~1.10/bin/../lib/gcc/arm-none-eabi/10.3.1/../../../../arm-none-eabi/lib/thumb/v7-m/nofp\libg_nano.a(lib_a-nano-svfprintf.o)
 .rodata._printf_i.str1.1
                0x0800702d       0x22 c:/progra~2/gnuarm~1/102021~1.10/bin/../lib/gcc/arm-none-eabi/10.3.1/../../../../arm-none-eabi/lib/thumb/v7-m/nofp\libg_nano.a(lib_a-nano-vfprintf_i.o)
                0x08007050                . = ALIGN (0x4)
 *fill*         0x0800704f        0x1 

.rel.dyn        0x08007050        0x0
 .rel.iplt      0x08007050        0x0 c:/progra~2/gnuarm~1/102021~1.10/bin/../lib/gcc/arm-none-eabi/10.3.1/thumb/v7-m/nofp/crtbegin.o

.ARM.extab
 *(.ARM.extab* .gnu.linkonce.armextab.*)

.ARM            0x08007050        0x0
                0x08007050                __exidx_start = .
 *(.ARM.exidx*)
                0x08007050                __exidx_end = .

.preinit_array  0x08007050        0x0
                0x08007050                PROVIDE (__preinit_array_start = .)
 *(.preinit_array*)
                0x08007050                PROVIDE (__preinit_array_end = .)

.init_array     0x08007050        0x4
                0x08007050                PROVIDE (__init_array_start = .)
 *(SORT_BY_NAME(.init_array.*))
 *(.init_array*)
 .init_array    0x08007050        0x4 c:/progra~2/gnuarm~1/102021~1.10/bin/../lib/gcc/arm-none-eabi/10.3.1/thumb/v7-m/nofp/crtbegin.o
                0x08007054                PROVIDE (__init_array_end = .)

.fini_array     0x08007054        0x4
                [!provide]                PROVIDE (__fini_array_start = .)
 *(SORT_BY_NAME(.fini_array.*))
 *(.fini_array*)
 .fini_array    0x08007054        0x4 c:/progra~2/gnuarm~1/102021~1.10/bin/../lib/gcc/arm-none-eabi/10.3.1/thumb/v7-m/nofp/crtbegin.o
                [!provide]                PROVIDE (__fini_array_end = .)
                0x08007058                _sidata = LOADADDR (.data)

.data           0x20000000       0x7c load address 0x08007058
                0x20000000                . = ALIGN (0x4)
                0x20000000                _sdata = .
 *(.data)
 *(.data*)
 .data._impure_ptr
                0x20000000        0x4 c:/progra~2/gnuarm~1/102021~1.10/bin/../lib/gcc/arm-none-eabi/10.3.1/../../../../arm-none-eabi/lib/thumb/v7-m/nofp\libc_nano.a(lib_a-impure.o)
                0x20000000                _impure_ptr
 .data.impure_data
                0x20000004       0x60 c:/progra~2/gnuarm~1/102021~1.10/bin/../lib/gcc/arm-none-eabi/10.3.1/../../../../arm-none-eabi/lib/thumb/v7-m/nofp\libc_nano.a(lib_a-impure.o)
 .data.rotary_Handler
                0x20000064        0x8 HB_navi_BP/CMakeFiles/HB_navi_BP.dir/Core/Src/freertos.c.obj
                0x20000064                rotary_Handler
 .data.uwTickPrio
                0x2000006c        0x4 HB_navi_BP/CMakeFiles/HB_navi_BP.dir/Drivers/STM32F1xx_HAL_Driver/Src/stm32f1xx_hal.c.obj
                0x2000006c                uwTickPrio
 .data.uwTickFreq
                0x20000070        0x1 HB_navi_BP/CMakeFiles/HB_navi_BP.dir/Drivers/STM32F1xx_HAL_Driver/Src/stm32f1xx_hal.c.obj
                0x20000070                uwTickFreq
 *fill*         0x20000071        0x3 
 .data.SystemCoreClock
                0x20000074        0x4 HB_navi_BP/CMakeFiles/HB_navi_BP.dir/Core/Src/system_stm32f1xx.c.obj
                0x20000074                SystemCoreClock
 .data.uxCriticalNesting
                0x20000078        0x4 HB_navi_BP/CMakeFiles/HB_navi_BP.dir/Middlewares/Third_Party/FreeRTOS/Source/portable/GCC/ARM_CM3/port.c.obj
                0x2000007c                . = ALIGN (0x4)
                0x2000007c                _edata = .

.igot.plt       0x2000007c        0x0 load address 0x080070d4
 .igot.plt      0x2000007c        0x0 c:/progra~2/gnuarm~1/102021~1.10/bin/../lib/gcc/arm-none-eabi/10.3.1/thumb/v7-m/nofp/crtbegin.o
                0x2000007c                . = ALIGN (0x4)

.bss            0x2000007c     0x1ad8 load address 0x080070d4
                0x2000007c                _sbss = .
                0x2000007c                __bss_start__ = _sbss
 *(.bss)
 .bss           0x2000007c       0x1c c:/progra~2/gnuarm~1/102021~1.10/bin/../lib/gcc/arm-none-eabi/10.3.1/thumb/v7-m/nofp/crtbegin.o
 *(.bss*)
 .bss.adcConvCMPLT
                0x20000098        0x1 HB_navi_BP/CMakeFiles/HB_navi_BP.dir/Core/Src/freertos.c.obj
                0x20000098                adcConvCMPLT
 *fill*         0x20000099        0x3 
 .bss.defaultTaskHandle
                0x2000009c        0x4 HB_navi_BP/CMakeFiles/HB_navi_BP.dir/Core/Src/freertos.c.obj
                0x2000009c                defaultTaskHandle
 .bss.prev      0x200000a0        0x4 HB_navi_BP/CMakeFiles/HB_navi_BP.dir/Core/Src/freertos.c.obj
                0x200000a0                prev
 .bss.diff      0x200000a4        0x4 HB_navi_BP/CMakeFiles/HB_navi_BP.dir/Core/Src/freertos.c.obj
                0x200000a4                diff
 .bss.hadc1     0x200000a8       0x30 HB_navi_BP/CMakeFiles/HB_navi_BP.dir/Core/Src/adc.c.obj
                0x200000a8                hadc1
 .bss.hdma_adc1
                0x200000d8       0x44 HB_navi_BP/CMakeFiles/HB_navi_BP.dir/Core/Src/adc.c.obj
                0x200000d8                hdma_adc1
 .bss.htim1     0x2000011c       0x48 HB_navi_BP/CMakeFiles/HB_navi_BP.dir/Core/Src/tim.c.obj
                0x2000011c                htim1
 .bss.huart1    0x20000164       0x48 HB_navi_BP/CMakeFiles/HB_navi_BP.dir/Core/Src/usart.c.obj
                0x20000164                huart1
 .bss.htim3     0x200001ac       0x48 HB_navi_BP/CMakeFiles/HB_navi_BP.dir/Core/Src/stm32f1xx_hal_timebase_tim.c.obj
                0x200001ac                htim3
 .bss.uwTick    0x200001f4        0x4 HB_navi_BP/CMakeFiles/HB_navi_BP.dir/Drivers/STM32F1xx_HAL_Driver/Src/stm32f1xx_hal.c.obj
                0x200001f4                uwTick
 .bss.xQueueRegistry
                0x200001f8       0x40 HB_navi_BP/CMakeFiles/HB_navi_BP.dir/Middlewares/Third_Party/FreeRTOS/Source/queue.c.obj
                0x200001f8                xQueueRegistry
 .bss.pxCurrentTCB
                0x20000238        0x4 HB_navi_BP/CMakeFiles/HB_navi_BP.dir/Middlewares/Third_Party/FreeRTOS/Source/tasks.c.obj
                0x20000238                pxCurrentTCB
 .bss.pxReadyTasksLists
                0x2000023c      0x460 HB_navi_BP/CMakeFiles/HB_navi_BP.dir/Middlewares/Third_Party/FreeRTOS/Source/tasks.c.obj
 .bss.xDelayedTaskList1
                0x2000069c       0x14 HB_navi_BP/CMakeFiles/HB_navi_BP.dir/Middlewares/Third_Party/FreeRTOS/Source/tasks.c.obj
 .bss.xDelayedTaskList2
                0x200006b0       0x14 HB_navi_BP/CMakeFiles/HB_navi_BP.dir/Middlewares/Third_Party/FreeRTOS/Source/tasks.c.obj
 .bss.pxDelayedTaskList
                0x200006c4        0x4 HB_navi_BP/CMakeFiles/HB_navi_BP.dir/Middlewares/Third_Party/FreeRTOS/Source/tasks.c.obj
 .bss.pxOverflowDelayedTaskList
                0x200006c8        0x4 HB_navi_BP/CMakeFiles/HB_navi_BP.dir/Middlewares/Third_Party/FreeRTOS/Source/tasks.c.obj
 .bss.xPendingReadyList
                0x200006cc       0x14 HB_navi_BP/CMakeFiles/HB_navi_BP.dir/Middlewares/Third_Party/FreeRTOS/Source/tasks.c.obj
 .bss.xTasksWaitingTermination
                0x200006e0       0x14 HB_navi_BP/CMakeFiles/HB_navi_BP.dir/Middlewares/Third_Party/FreeRTOS/Source/tasks.c.obj
 .bss.uxDeletedTasksWaitingCleanUp
                0x200006f4        0x4 HB_navi_BP/CMakeFiles/HB_navi_BP.dir/Middlewares/Third_Party/FreeRTOS/Source/tasks.c.obj
 .bss.xSuspendedTaskList
                0x200006f8       0x14 HB_navi_BP/CMakeFiles/HB_navi_BP.dir/Middlewares/Third_Party/FreeRTOS/Source/tasks.c.obj
 .bss.uxCurrentNumberOfTasks
                0x2000070c        0x4 HB_navi_BP/CMakeFiles/HB_navi_BP.dir/Middlewares/Third_Party/FreeRTOS/Source/tasks.c.obj
 .bss.xTickCount
                0x20000710        0x4 HB_navi_BP/CMakeFiles/HB_navi_BP.dir/Middlewares/Third_Party/FreeRTOS/Source/tasks.c.obj
 .bss.uxTopReadyPriority
                0x20000714        0x4 HB_navi_BP/CMakeFiles/HB_navi_BP.dir/Middlewares/Third_Party/FreeRTOS/Source/tasks.c.obj
 .bss.xSchedulerRunning
                0x20000718        0x4 HB_navi_BP/CMakeFiles/HB_navi_BP.dir/Middlewares/Third_Party/FreeRTOS/Source/tasks.c.obj
 .bss.uxPendedTicks
                0x2000071c        0x4 HB_navi_BP/CMakeFiles/HB_navi_BP.dir/Middlewares/Third_Party/FreeRTOS/Source/tasks.c.obj
 .bss.xYieldPending
                0x20000720        0x4 HB_navi_BP/CMakeFiles/HB_navi_BP.dir/Middlewares/Third_Party/FreeRTOS/Source/tasks.c.obj
 .bss.xNumOfOverflows
                0x20000724        0x4 HB_navi_BP/CMakeFiles/HB_navi_BP.dir/Middlewares/Third_Party/FreeRTOS/Source/tasks.c.obj
 .bss.uxTaskNumber
                0x20000728        0x4 HB_navi_BP/CMakeFiles/HB_navi_BP.dir/Middlewares/Third_Party/FreeRTOS/Source/tasks.c.obj
 .bss.xNextTaskUnblockTime
                0x2000072c        0x4 HB_navi_BP/CMakeFiles/HB_navi_BP.dir/Middlewares/Third_Party/FreeRTOS/Source/tasks.c.obj
 .bss.xIdleTaskHandle
                0x20000730        0x4 HB_navi_BP/CMakeFiles/HB_navi_BP.dir/Middlewares/Third_Party/FreeRTOS/Source/tasks.c.obj
 .bss.uxSchedulerSuspended
                0x20000734        0x4 HB_navi_BP/CMakeFiles/HB_navi_BP.dir/Middlewares/Third_Party/FreeRTOS/Source/tasks.c.obj
 .bss.xActiveTimerList1
                0x20000738       0x14 HB_navi_BP/CMakeFiles/HB_navi_BP.dir/Middlewares/Third_Party/FreeRTOS/Source/timers.c.obj
 .bss.xActiveTimerList2
                0x2000074c       0x14 HB_navi_BP/CMakeFiles/HB_navi_BP.dir/Middlewares/Third_Party/FreeRTOS/Source/timers.c.obj
 .bss.pxCurrentTimerList
                0x20000760        0x4 HB_navi_BP/CMakeFiles/HB_navi_BP.dir/Middlewares/Third_Party/FreeRTOS/Source/timers.c.obj
 .bss.pxOverflowTimerList
                0x20000764        0x4 HB_navi_BP/CMakeFiles/HB_navi_BP.dir/Middlewares/Third_Party/FreeRTOS/Source/timers.c.obj
 .bss.xTimerQueue
                0x20000768        0x4 HB_navi_BP/CMakeFiles/HB_navi_BP.dir/Middlewares/Third_Party/FreeRTOS/Source/timers.c.obj
 .bss.xTimerTaskHandle
                0x2000076c        0x4 HB_navi_BP/CMakeFiles/HB_navi_BP.dir/Middlewares/Third_Party/FreeRTOS/Source/timers.c.obj
 .bss.xLastTime.2
                0x20000770        0x4 HB_navi_BP/CMakeFiles/HB_navi_BP.dir/Middlewares/Third_Party/FreeRTOS/Source/timers.c.obj
 .bss.ucStaticTimerQueueStorage.1
                0x20000774       0xa0 HB_navi_BP/CMakeFiles/HB_navi_BP.dir/Middlewares/Third_Party/FreeRTOS/Source/timers.c.obj
 .bss.xStaticTimerQueue.0
                0x20000814       0x50 HB_navi_BP/CMakeFiles/HB_navi_BP.dir/Middlewares/Third_Party/FreeRTOS/Source/timers.c.obj
 .bss.KernelState
                0x20000864        0x4 HB_navi_BP/CMakeFiles/HB_navi_BP.dir/Middlewares/Third_Party/FreeRTOS/Source/CMSIS_RTOS_V2/cmsis_os2.c.obj
 .bss.Idle_TCB  0x20000868       0x5c HB_navi_BP/CMakeFiles/HB_navi_BP.dir/Middlewares/Third_Party/FreeRTOS/Source/CMSIS_RTOS_V2/cmsis_os2.c.obj
 .bss.Idle_Stack
                0x200008c4      0x200 HB_navi_BP/CMakeFiles/HB_navi_BP.dir/Middlewares/Third_Party/FreeRTOS/Source/CMSIS_RTOS_V2/cmsis_os2.c.obj
 .bss.Timer_TCB
                0x20000ac4       0x5c HB_navi_BP/CMakeFiles/HB_navi_BP.dir/Middlewares/Third_Party/FreeRTOS/Source/CMSIS_RTOS_V2/cmsis_os2.c.obj
 .bss.Timer_Stack
                0x20000b20      0x400 HB_navi_BP/CMakeFiles/HB_navi_BP.dir/Middlewares/Third_Party/FreeRTOS/Source/CMSIS_RTOS_V2/cmsis_os2.c.obj
 .bss.ucHeap    0x20000f20      0xc00 HB_navi_BP/CMakeFiles/HB_navi_BP.dir/Middlewares/Third_Party/FreeRTOS/Source/portable/MemMang/heap_4.c.obj
 .bss.xStart    0x20001b20        0x8 HB_navi_BP/CMakeFiles/HB_navi_BP.dir/Middlewares/Third_Party/FreeRTOS/Source/portable/MemMang/heap_4.c.obj
 .bss.pxEnd     0x20001b28        0x4 HB_navi_BP/CMakeFiles/HB_navi_BP.dir/Middlewares/Third_Party/FreeRTOS/Source/portable/MemMang/heap_4.c.obj
 .bss.xFreeBytesRemaining
                0x20001b2c        0x4 HB_navi_BP/CMakeFiles/HB_navi_BP.dir/Middlewares/Third_Party/FreeRTOS/Source/portable/MemMang/heap_4.c.obj
 .bss.xMinimumEverFreeBytesRemaining
                0x20001b30        0x4 HB_navi_BP/CMakeFiles/HB_navi_BP.dir/Middlewares/Third_Party/FreeRTOS/Source/portable/MemMang/heap_4.c.obj
 .bss.xBlockAllocatedBit
                0x20001b34        0x4 HB_navi_BP/CMakeFiles/HB_navi_BP.dir/Middlewares/Third_Party/FreeRTOS/Source/portable/MemMang/heap_4.c.obj
 .bss.ucMaxSysCallPriority
                0x20001b38        0x1 HB_navi_BP/CMakeFiles/HB_navi_BP.dir/Middlewares/Third_Party/FreeRTOS/Source/portable/GCC/ARM_CM3/port.c.obj
 *fill*         0x20001b39        0x3 
 .bss.ulMaxPRIGROUPValue
                0x20001b3c        0x4 HB_navi_BP/CMakeFiles/HB_navi_BP.dir/Middlewares/Third_Party/FreeRTOS/Source/portable/GCC/ARM_CM3/port.c.obj
 .bss.__sbrk_heap_end
                0x20001b40        0x4 HB_navi_BP/CMakeFiles/HB_navi_BP.dir/Core/Src/sysmem.c.obj
 .bss.__malloc_free_list
                0x20001b44        0x4 c:/progra~2/gnuarm~1/102021~1.10/bin/../lib/gcc/arm-none-eabi/10.3.1/../../../../arm-none-eabi/lib/thumb/v7-m/nofp\libg_nano.a(lib_a-nano-mallocr.o)
                0x20001b44                __malloc_free_list
 .bss.__malloc_sbrk_start
                0x20001b48        0x4 c:/progra~2/gnuarm~1/102021~1.10/bin/../lib/gcc/arm-none-eabi/10.3.1/../../../../arm-none-eabi/lib/thumb/v7-m/nofp\libg_nano.a(lib_a-nano-mallocr.o)
                0x20001b48                __malloc_sbrk_start
 .bss.errno     0x20001b4c        0x4 c:/progra~2/gnuarm~1/102021~1.10/bin/../lib/gcc/arm-none-eabi/10.3.1/../../../../arm-none-eabi/lib/thumb/v7-m/nofp\libg_nano.a(lib_a-reent.o)
                0x20001b4c                errno
 .bss.__lock___malloc_recursive_mutex
                0x20001b50        0x1 c:/progra~2/gnuarm~1/102021~1.10/bin/../lib/gcc/arm-none-eabi/10.3.1/../../../../arm-none-eabi/lib/thumb/v7-m/nofp\libg_nano.a(lib_a-lock.o)
                0x20001b50                __lock___malloc_recursive_mutex
 *(COMMON)
                0x20001b54                . = ALIGN (0x4)
 *fill*         0x20001b51        0x3 
                0x20001b54                _ebss = .
                0x20001b54                __bss_end__ = _ebss

._user_heap_stack
                0x20001b54      0x604 load address 0x080070d4
                0x20001b58                . = ALIGN (0x8)
 *fill*         0x20001b54        0x4 
                [!provide]                PROVIDE (end = .)
                0x20001b58                PROVIDE (_end = .)
                0x20001d58                . = (. + _Min_Heap_Size)
 *fill*         0x20001b58      0x200 
                0x20002158                . = (. + _Min_Stack_Size)
 *fill*         0x20001d58      0x400 
                0x20002158                . = ALIGN (0x8)

/DISCARD/
 libc.a(*)
 libm.a(*)
 libgcc.a(*)

.ARM.attributes
                0x00000000       0x29
 *(.ARM.attributes)
 .ARM.attributes
                0x00000000       0x1d c:/progra~2/gnuarm~1/102021~1.10/bin/../lib/gcc/arm-none-eabi/10.3.1/thumb/v7-m/nofp/crti.o
 .ARM.attributes
                0x0000001d       0x2d c:/progra~2/gnuarm~1/102021~1.10/bin/../lib/gcc/arm-none-eabi/10.3.1/thumb/v7-m/nofp/crtbegin.o
 .ARM.attributes
                0x0000004a       0x2d c:/progra~2/gnuarm~1/102021~1.10/bin/../lib/gcc/arm-none-eabi/10.3.1/../../../../arm-none-eabi/lib/thumb/v7-m/nofp\libc_nano.a(lib_a-impure.o)
 .ARM.attributes
                0x00000077       0x2d c:/progra~2/gnuarm~1/102021~1.10/bin/../lib/gcc/arm-none-eabi/10.3.1/../../../../arm-none-eabi/lib/thumb/v7-m/nofp\libc_nano.a(lib_a-init.o)
 .ARM.attributes
                0x000000a4       0x2d c:/progra~2/gnuarm~1/102021~1.10/bin/../lib/gcc/arm-none-eabi/10.3.1/../../../../arm-none-eabi/lib/thumb/v7-m/nofp\libc_nano.a(lib_a-memset.o)
 .ARM.attributes
                0x000000d1       0x2d HB_navi_BP/CMakeFiles/HB_navi_BP.dir/__/shared/hw/hw_dcMotor.c.obj
 .ARM.attributes
                0x000000fe       0x2d HB_navi_BP/CMakeFiles/HB_navi_BP.dir/__/shared/hw/hw_rotaryEncoder.c.obj
 .ARM.attributes
                0x0000012b       0x2d HB_navi_BP/CMakeFiles/HB_navi_BP.dir/__/shared/io/io_adc.c.obj
 .ARM.attributes
                0x00000158       0x2d HB_navi_BP/CMakeFiles/HB_navi_BP.dir/__/shared/io/io_pwm.c.obj
 .ARM.attributes
                0x00000185       0x2d HB_navi_BP/CMakeFiles/HB_navi_BP.dir/Core/Src/main.c.obj
 .ARM.attributes
                0x000001b2       0x2d HB_navi_BP/CMakeFiles/HB_navi_BP.dir/Core/Src/gpio.c.obj
 .ARM.attributes
                0x000001df       0x2d HB_navi_BP/CMakeFiles/HB_navi_BP.dir/Core/Src/freertos.c.obj
 .ARM.attributes
                0x0000020c       0x2d HB_navi_BP/CMakeFiles/HB_navi_BP.dir/Core/Src/adc.c.obj
 .ARM.attributes
                0x00000239       0x2d HB_navi_BP/CMakeFiles/HB_navi_BP.dir/Core/Src/dma.c.obj
 .ARM.attributes
                0x00000266       0x2d HB_navi_BP/CMakeFiles/HB_navi_BP.dir/Core/Src/tim.c.obj
 .ARM.attributes
                0x00000293       0x2d HB_navi_BP/CMakeFiles/HB_navi_BP.dir/Core/Src/usart.c.obj
 .ARM.attributes
                0x000002c0       0x2d HB_navi_BP/CMakeFiles/HB_navi_BP.dir/Core/Src/stm32f1xx_it.c.obj
 .ARM.attributes
                0x000002ed       0x2d HB_navi_BP/CMakeFiles/HB_navi_BP.dir/Core/Src/stm32f1xx_hal_msp.c.obj
 .ARM.attributes
                0x0000031a       0x2d HB_navi_BP/CMakeFiles/HB_navi_BP.dir/Core/Src/stm32f1xx_hal_timebase_tim.c.obj
 .ARM.attributes
                0x00000347       0x2d HB_navi_BP/CMakeFiles/HB_navi_BP.dir/Drivers/STM32F1xx_HAL_Driver/Src/stm32f1xx_hal_adc.c.obj
 .ARM.attributes
                0x00000374       0x2d HB_navi_BP/CMakeFiles/HB_navi_BP.dir/Drivers/STM32F1xx_HAL_Driver/Src/stm32f1xx_hal.c.obj
 .ARM.attributes
                0x000003a1       0x2d HB_navi_BP/CMakeFiles/HB_navi_BP.dir/Drivers/STM32F1xx_HAL_Driver/Src/stm32f1xx_hal_rcc.c.obj
 .ARM.attributes
                0x000003ce       0x2d HB_navi_BP/CMakeFiles/HB_navi_BP.dir/Drivers/STM32F1xx_HAL_Driver/Src/stm32f1xx_hal_rcc_ex.c.obj
 .ARM.attributes
                0x000003fb       0x2d HB_navi_BP/CMakeFiles/HB_navi_BP.dir/Drivers/STM32F1xx_HAL_Driver/Src/stm32f1xx_hal_gpio.c.obj
 .ARM.attributes
                0x00000428       0x2d HB_navi_BP/CMakeFiles/HB_navi_BP.dir/Drivers/STM32F1xx_HAL_Driver/Src/stm32f1xx_hal_dma.c.obj
 .ARM.attributes
                0x00000455       0x2d HB_navi_BP/CMakeFiles/HB_navi_BP.dir/Drivers/STM32F1xx_HAL_Driver/Src/stm32f1xx_hal_cortex.c.obj
 .ARM.attributes
                0x00000482       0x2d HB_navi_BP/CMakeFiles/HB_navi_BP.dir/Drivers/STM32F1xx_HAL_Driver/Src/stm32f1xx_hal_tim.c.obj
 .ARM.attributes
                0x000004af       0x2d HB_navi_BP/CMakeFiles/HB_navi_BP.dir/Drivers/STM32F1xx_HAL_Driver/Src/stm32f1xx_hal_tim_ex.c.obj
 .ARM.attributes
                0x000004dc       0x2d HB_navi_BP/CMakeFiles/HB_navi_BP.dir/Drivers/STM32F1xx_HAL_Driver/Src/stm32f1xx_hal_uart.c.obj
 .ARM.attributes
                0x00000509       0x2d HB_navi_BP/CMakeFiles/HB_navi_BP.dir/Core/Src/system_stm32f1xx.c.obj
 .ARM.attributes
                0x00000536       0x2d HB_navi_BP/CMakeFiles/HB_navi_BP.dir/Middlewares/Third_Party/FreeRTOS/Source/list.c.obj
 .ARM.attributes
                0x00000563       0x2d HB_navi_BP/CMakeFiles/HB_navi_BP.dir/Middlewares/Third_Party/FreeRTOS/Source/queue.c.obj
 .ARM.attributes
                0x00000590       0x2d HB_navi_BP/CMakeFiles/HB_navi_BP.dir/Middlewares/Third_Party/FreeRTOS/Source/tasks.c.obj
 .ARM.attributes
                0x000005bd       0x2d HB_navi_BP/CMakeFiles/HB_navi_BP.dir/Middlewares/Third_Party/FreeRTOS/Source/timers.c.obj
 .ARM.attributes
                0x000005ea       0x2d HB_navi_BP/CMakeFiles/HB_navi_BP.dir/Middlewares/Third_Party/FreeRTOS/Source/CMSIS_RTOS_V2/cmsis_os2.c.obj
 .ARM.attributes
                0x00000617       0x2d HB_navi_BP/CMakeFiles/HB_navi_BP.dir/Middlewares/Third_Party/FreeRTOS/Source/portable/MemMang/heap_4.c.obj
 .ARM.attributes
                0x00000644       0x2d HB_navi_BP/CMakeFiles/HB_navi_BP.dir/Middlewares/Third_Party/FreeRTOS/Source/portable/GCC/ARM_CM3/port.c.obj
 .ARM.attributes
                0x00000671       0x2d HB_navi_BP/CMakeFiles/HB_navi_BP.dir/Core/Src/sysmem.c.obj
 .ARM.attributes
                0x0000069e       0x21 HB_navi_BP/CMakeFiles/HB_navi_BP.dir/startup_stm32f103x6.s.obj
 .ARM.attributes
                0x000006bf       0x2d c:/progra~2/gnuarm~1/102021~1.10/bin/../lib/gcc/arm-none-eabi/10.3.1/../../../../arm-none-eabi/lib/thumb/v7-m/nofp\libg_nano.a(lib_a-errno.o)
 .ARM.attributes
                0x000006ec       0x2d c:/progra~2/gnuarm~1/102021~1.10/bin/../lib/gcc/arm-none-eabi/10.3.1/../../../../arm-none-eabi/lib/thumb/v7-m/nofp\libg_nano.a(lib_a-memcpy-stub.o)
 .ARM.attributes
                0x00000719       0x2d c:/progra~2/gnuarm~1/102021~1.10/bin/../lib/gcc/arm-none-eabi/10.3.1/../../../../arm-none-eabi/lib/thumb/v7-m/nofp\libg_nano.a(lib_a-sprintf.o)
 .ARM.attributes
                0x00000746       0x17 c:/progra~2/gnuarm~1/102021~1.10/bin/../lib/gcc/arm-none-eabi/10.3.1/../../../../arm-none-eabi/lib/thumb/v7-m/nofp\libg_nano.a(lib_a-strlen.o)
 .ARM.attributes
                0x0000075d       0x2d c:/progra~2/gnuarm~1/102021~1.10/bin/../lib/gcc/arm-none-eabi/10.3.1/../../../../arm-none-eabi/lib/thumb/v7-m/nofp\libg_nano.a(lib_a-nano-svfprintf.o)
 .ARM.attributes
                0x0000078a       0x2d c:/progra~2/gnuarm~1/102021~1.10/bin/../lib/gcc/arm-none-eabi/10.3.1/../../../../arm-none-eabi/lib/thumb/v7-m/nofp\libg_nano.a(lib_a-nano-vfprintf_i.o)
 .ARM.attributes
                0x000007b7       0x2d c:/progra~2/gnuarm~1/102021~1.10/bin/../lib/gcc/arm-none-eabi/10.3.1/../../../../arm-none-eabi/lib/thumb/v7-m/nofp\libg_nano.a(lib_a-memchr-stub.o)
 .ARM.attributes
                0x000007e4       0x2d c:/progra~2/gnuarm~1/102021~1.10/bin/../lib/gcc/arm-none-eabi/10.3.1/../../../../arm-none-eabi/lib/thumb/v7-m/nofp\libg_nano.a(lib_a-memmove.o)
 .ARM.attributes
                0x00000811       0x2d c:/progra~2/gnuarm~1/102021~1.10/bin/../lib/gcc/arm-none-eabi/10.3.1/../../../../arm-none-eabi/lib/thumb/v7-m/nofp\libg_nano.a(lib_a-nano-freer.o)
 .ARM.attributes
                0x0000083e       0x2d c:/progra~2/gnuarm~1/102021~1.10/bin/../lib/gcc/arm-none-eabi/10.3.1/../../../../arm-none-eabi/lib/thumb/v7-m/nofp\libg_nano.a(lib_a-nano-mallocr.o)
 .ARM.attributes
                0x0000086b       0x2d c:/progra~2/gnuarm~1/102021~1.10/bin/../lib/gcc/arm-none-eabi/10.3.1/../../../../arm-none-eabi/lib/thumb/v7-m/nofp\libg_nano.a(lib_a-nano-reallocr.o)
 .ARM.attributes
                0x00000898       0x2d c:/progra~2/gnuarm~1/102021~1.10/bin/../lib/gcc/arm-none-eabi/10.3.1/../../../../arm-none-eabi/lib/thumb/v7-m/nofp\libg_nano.a(lib_a-sbrkr.o)
 .ARM.attributes
                0x000008c5       0x2d c:/progra~2/gnuarm~1/102021~1.10/bin/../lib/gcc/arm-none-eabi/10.3.1/../../../../arm-none-eabi/lib/thumb/v7-m/nofp\libg_nano.a(lib_a-mlock.o)
 .ARM.attributes
                0x000008f2       0x2d c:/progra~2/gnuarm~1/102021~1.10/bin/../lib/gcc/arm-none-eabi/10.3.1/../../../../arm-none-eabi/lib/thumb/v7-m/nofp\libg_nano.a(lib_a-nano-msizer.o)
 .ARM.attributes
                0x0000091f       0x2d c:/progra~2/gnuarm~1/102021~1.10/bin/../lib/gcc/arm-none-eabi/10.3.1/../../../../arm-none-eabi/lib/thumb/v7-m/nofp\libg_nano.a(lib_a-reent.o)
 .ARM.attributes
                0x0000094c       0x2d c:/progra~2/gnuarm~1/102021~1.10/bin/../lib/gcc/arm-none-eabi/10.3.1/../../../../arm-none-eabi/lib/thumb/v7-m/nofp\libg_nano.a(lib_a-lock.o)
 .ARM.attributes
                0x00000979       0x1d c:/progra~2/gnuarm~1/102021~1.10/bin/../lib/gcc/arm-none-eabi/10.3.1/thumb/v7-m/nofp/crtn.o
OUTPUT(HB_navi_BP\HB_navi_BP.elf elf32-littlearm)
LOAD linker stubs
LOAD c:/progra~2/gnuarm~1/102021~1.10/bin/../lib/gcc/arm-none-eabi/10.3.1/../../../../arm-none-eabi/lib/thumb/v7-m/nofp\libc.a
LOAD c:/progra~2/gnuarm~1/102021~1.10/bin/../lib/gcc/arm-none-eabi/10.3.1/../../../../arm-none-eabi/lib/thumb/v7-m/nofp\libm.a
LOAD c:/progra~2/gnuarm~1/102021~1.10/bin/../lib/gcc/arm-none-eabi/10.3.1/thumb/v7-m/nofp\libgcc.a

.debug_frame    0x00000000     0x5ebc
 .debug_frame   0x00000000       0x2c c:/progra~2/gnuarm~1/102021~1.10/bin/../lib/gcc/arm-none-eabi/10.3.1/../../../../arm-none-eabi/lib/thumb/v7-m/nofp\libc_nano.a(lib_a-init.o)
 .debug_frame   0x0000002c       0x20 c:/progra~2/gnuarm~1/102021~1.10/bin/../lib/gcc/arm-none-eabi/10.3.1/../../../../arm-none-eabi/lib/thumb/v7-m/nofp\libc_nano.a(lib_a-memset.o)
 .debug_frame   0x0000004c      0x138 HB_navi_BP/CMakeFiles/HB_navi_BP.dir/__/shared/hw/hw_dcMotor.c.obj
 .debug_frame   0x00000184       0xb0 HB_navi_BP/CMakeFiles/HB_navi_BP.dir/__/shared/hw/hw_rotaryEncoder.c.obj
 .debug_frame   0x00000234       0xac HB_navi_BP/CMakeFiles/HB_navi_BP.dir/__/shared/io/io_adc.c.obj
 .debug_frame   0x000002e0       0x80 HB_navi_BP/CMakeFiles/HB_navi_BP.dir/__/shared/io/io_pwm.c.obj
 .debug_frame   0x00000360       0x8c HB_navi_BP/CMakeFiles/HB_navi_BP.dir/Core/Src/main.c.obj
 .debug_frame   0x000003ec       0x34 HB_navi_BP/CMakeFiles/HB_navi_BP.dir/Core/Src/gpio.c.obj
 .debug_frame   0x00000420       0x9c HB_navi_BP/CMakeFiles/HB_navi_BP.dir/Core/Src/freertos.c.obj
 .debug_frame   0x000004bc       0x7c HB_navi_BP/CMakeFiles/HB_navi_BP.dir/Core/Src/adc.c.obj
 .debug_frame   0x00000538       0x34 HB_navi_BP/CMakeFiles/HB_navi_BP.dir/Core/Src/dma.c.obj
 .debug_frame   0x0000056c       0xa8 HB_navi_BP/CMakeFiles/HB_navi_BP.dir/Core/Src/tim.c.obj
 .debug_frame   0x00000614       0x74 HB_navi_BP/CMakeFiles/HB_navi_BP.dir/Core/Src/usart.c.obj
 .debug_frame   0x00000688       0xfc HB_navi_BP/CMakeFiles/HB_navi_BP.dir/Core/Src/stm32f1xx_it.c.obj
 .debug_frame   0x00000784       0x34 HB_navi_BP/CMakeFiles/HB_navi_BP.dir/Core/Src/stm32f1xx_hal_msp.c.obj
 .debug_frame   0x000007b8       0x74 HB_navi_BP/CMakeFiles/HB_navi_BP.dir/Core/Src/stm32f1xx_hal_timebase_tim.c.obj
 .debug_frame   0x0000082c      0x40c HB_navi_BP/CMakeFiles/HB_navi_BP.dir/Drivers/STM32F1xx_HAL_Driver/Src/stm32f1xx_hal_adc.c.obj
 .debug_frame   0x00000c38      0x334 HB_navi_BP/CMakeFiles/HB_navi_BP.dir/Drivers/STM32F1xx_HAL_Driver/Src/stm32f1xx_hal.c.obj
 .debug_frame   0x00000f6c      0x218 HB_navi_BP/CMakeFiles/HB_navi_BP.dir/Drivers/STM32F1xx_HAL_Driver/Src/stm32f1xx_hal_rcc.c.obj
 .debug_frame   0x00001184       0x80 HB_navi_BP/CMakeFiles/HB_navi_BP.dir/Drivers/STM32F1xx_HAL_Driver/Src/stm32f1xx_hal_rcc_ex.c.obj
 .debug_frame   0x00001204      0x14c HB_navi_BP/CMakeFiles/HB_navi_BP.dir/Drivers/STM32F1xx_HAL_Driver/Src/stm32f1xx_hal_gpio.c.obj
 .debug_frame   0x00001350      0x208 HB_navi_BP/CMakeFiles/HB_navi_BP.dir/Drivers/STM32F1xx_HAL_Driver/Src/stm32f1xx_hal_dma.c.obj
 .debug_frame   0x00001558      0x428 HB_navi_BP/CMakeFiles/HB_navi_BP.dir/Drivers/STM32F1xx_HAL_Driver/Src/stm32f1xx_hal_cortex.c.obj
 .debug_frame   0x00001980     0x11b8 HB_navi_BP/CMakeFiles/HB_navi_BP.dir/Drivers/STM32F1xx_HAL_Driver/Src/stm32f1xx_hal_tim.c.obj
 .debug_frame   0x00002b38      0x638 HB_navi_BP/CMakeFiles/HB_navi_BP.dir/Drivers/STM32F1xx_HAL_Driver/Src/stm32f1xx_hal_tim_ex.c.obj
 .debug_frame   0x00003170      0x944 HB_navi_BP/CMakeFiles/HB_navi_BP.dir/Drivers/STM32F1xx_HAL_Driver/Src/stm32f1xx_hal_uart.c.obj
 .debug_frame   0x00003ab4       0x58 HB_navi_BP/CMakeFiles/HB_navi_BP.dir/Core/Src/system_stm32f1xx.c.obj
 .debug_frame   0x00003b0c       0xd8 HB_navi_BP/CMakeFiles/HB_navi_BP.dir/Middlewares/Third_Party/FreeRTOS/Source/list.c.obj
 .debug_frame   0x00003be4      0x5ec HB_navi_BP/CMakeFiles/HB_navi_BP.dir/Middlewares/Third_Party/FreeRTOS/Source/queue.c.obj
 .debug_frame   0x000041d0      0x8a8 HB_navi_BP/CMakeFiles/HB_navi_BP.dir/Middlewares/Third_Party/FreeRTOS/Source/tasks.c.obj
 .debug_frame   0x00004a78      0x3b4 HB_navi_BP/CMakeFiles/HB_navi_BP.dir/Middlewares/Third_Party/FreeRTOS/Source/timers.c.obj
 .debug_frame   0x00004e2c      0x980 HB_navi_BP/CMakeFiles/HB_navi_BP.dir/Middlewares/Third_Party/FreeRTOS/Source/CMSIS_RTOS_V2/cmsis_os2.c.obj
 .debug_frame   0x000057ac      0x108 HB_navi_BP/CMakeFiles/HB_navi_BP.dir/Middlewares/Third_Party/FreeRTOS/Source/portable/MemMang/heap_4.c.obj
 .debug_frame   0x000058b4      0x198 HB_navi_BP/CMakeFiles/HB_navi_BP.dir/Middlewares/Third_Party/FreeRTOS/Source/portable/GCC/ARM_CM3/port.c.obj
 .debug_frame   0x00005a4c       0x34 HB_navi_BP/CMakeFiles/HB_navi_BP.dir/Core/Src/sysmem.c.obj
 .debug_frame   0x00005a80       0x20 c:/progra~2/gnuarm~1/102021~1.10/bin/../lib/gcc/arm-none-eabi/10.3.1/../../../../arm-none-eabi/lib/thumb/v7-m/nofp\libg_nano.a(lib_a-errno.o)
 .debug_frame   0x00005aa0       0x28 c:/progra~2/gnuarm~1/102021~1.10/bin/../lib/gcc/arm-none-eabi/10.3.1/../../../../arm-none-eabi/lib/thumb/v7-m/nofp\libg_nano.a(lib_a-memcpy-stub.o)
 .debug_frame   0x00005ac8       0x6c c:/progra~2/gnuarm~1/102021~1.10/bin/../lib/gcc/arm-none-eabi/10.3.1/../../../../arm-none-eabi/lib/thumb/v7-m/nofp\libg_nano.a(lib_a-sprintf.o)
 .debug_frame   0x00005b34       0x90 c:/progra~2/gnuarm~1/102021~1.10/bin/../lib/gcc/arm-none-eabi/10.3.1/../../../../arm-none-eabi/lib/thumb/v7-m/nofp\libg_nano.a(lib_a-nano-svfprintf.o)
 .debug_frame   0x00005bc4       0x60 c:/progra~2/gnuarm~1/102021~1.10/bin/../lib/gcc/arm-none-eabi/10.3.1/../../../../arm-none-eabi/lib/thumb/v7-m/nofp\libg_nano.a(lib_a-nano-vfprintf_i.o)
 .debug_frame   0x00005c24       0x28 c:/progra~2/gnuarm~1/102021~1.10/bin/../lib/gcc/arm-none-eabi/10.3.1/../../../../arm-none-eabi/lib/thumb/v7-m/nofp\libg_nano.a(lib_a-memchr-stub.o)
 .debug_frame   0x00005c4c       0x28 c:/progra~2/gnuarm~1/102021~1.10/bin/../lib/gcc/arm-none-eabi/10.3.1/../../../../arm-none-eabi/lib/thumb/v7-m/nofp\libg_nano.a(lib_a-memmove.o)
 .debug_frame   0x00005c74       0x38 c:/progra~2/gnuarm~1/102021~1.10/bin/../lib/gcc/arm-none-eabi/10.3.1/../../../../arm-none-eabi/lib/thumb/v7-m/nofp\libg_nano.a(lib_a-nano-freer.o)
 .debug_frame   0x00005cac       0x4c c:/progra~2/gnuarm~1/102021~1.10/bin/../lib/gcc/arm-none-eabi/10.3.1/../../../../arm-none-eabi/lib/thumb/v7-m/nofp\libg_nano.a(lib_a-nano-mallocr.o)
 .debug_frame   0x00005cf8       0x3c c:/progra~2/gnuarm~1/102021~1.10/bin/../lib/gcc/arm-none-eabi/10.3.1/../../../../arm-none-eabi/lib/thumb/v7-m/nofp\libg_nano.a(lib_a-nano-reallocr.o)
 .debug_frame   0x00005d34       0x2c c:/progra~2/gnuarm~1/102021~1.10/bin/../lib/gcc/arm-none-eabi/10.3.1/../../../../arm-none-eabi/lib/thumb/v7-m/nofp\libg_nano.a(lib_a-sbrkr.o)
 .debug_frame   0x00005d60       0x30 c:/progra~2/gnuarm~1/102021~1.10/bin/../lib/gcc/arm-none-eabi/10.3.1/../../../../arm-none-eabi/lib/thumb/v7-m/nofp\libg_nano.a(lib_a-mlock.o)
 .debug_frame   0x00005d90       0x20 c:/progra~2/gnuarm~1/102021~1.10/bin/../lib/gcc/arm-none-eabi/10.3.1/../../../../arm-none-eabi/lib/thumb/v7-m/nofp\libg_nano.a(lib_a-nano-msizer.o)
 .debug_frame   0x00005db0       0x5c c:/progra~2/gnuarm~1/102021~1.10/bin/../lib/gcc/arm-none-eabi/10.3.1/../../../../arm-none-eabi/lib/thumb/v7-m/nofp\libg_nano.a(lib_a-reent.o)
 .debug_frame   0x00005e0c       0xb0 c:/progra~2/gnuarm~1/102021~1.10/bin/../lib/gcc/arm-none-eabi/10.3.1/../../../../arm-none-eabi/lib/thumb/v7-m/nofp\libg_nano.a(lib_a-lock.o)

.debug_info     0x00000000    0x19fc6
 .debug_info    0x00000000      0x95b HB_navi_BP/CMakeFiles/HB_navi_BP.dir/__/shared/hw/hw_dcMotor.c.obj
 .debug_info    0x0000095b      0x170 HB_navi_BP/CMakeFiles/HB_navi_BP.dir/__/shared/hw/hw_rotaryEncoder.c.obj
 .debug_info    0x00000acb      0x770 HB_navi_BP/CMakeFiles/HB_navi_BP.dir/__/shared/io/io_adc.c.obj
 .debug_info    0x0000123b      0x787 HB_navi_BP/CMakeFiles/HB_navi_BP.dir/__/shared/io/io_pwm.c.obj
 .debug_info    0x000019c2      0x856 HB_navi_BP/CMakeFiles/HB_navi_BP.dir/Core/Src/main.c.obj
 .debug_info    0x00002218      0x3cc HB_navi_BP/CMakeFiles/HB_navi_BP.dir/Core/Src/gpio.c.obj
 .debug_info    0x000025e4     0x1182 HB_navi_BP/CMakeFiles/HB_navi_BP.dir/Core/Src/freertos.c.obj
 .debug_info    0x00003766      0x7af HB_navi_BP/CMakeFiles/HB_navi_BP.dir/Core/Src/adc.c.obj
 .debug_info    0x00003f15      0x28c HB_navi_BP/CMakeFiles/HB_navi_BP.dir/Core/Src/dma.c.obj
 .debug_info    0x000041a1      0x9f0 HB_navi_BP/CMakeFiles/HB_navi_BP.dir/Core/Src/tim.c.obj
 .debug_info    0x00004b91      0x7ab HB_navi_BP/CMakeFiles/HB_navi_BP.dir/Core/Src/usart.c.obj
 .debug_info    0x0000533c      0x6df HB_navi_BP/CMakeFiles/HB_navi_BP.dir/Core/Src/stm32f1xx_it.c.obj
 .debug_info    0x00005a1b      0x339 HB_navi_BP/CMakeFiles/HB_navi_BP.dir/Core/Src/stm32f1xx_hal_msp.c.obj
 .debug_info    0x00005d54      0x93e HB_navi_BP/CMakeFiles/HB_navi_BP.dir/Core/Src/stm32f1xx_hal_timebase_tim.c.obj
 .debug_info    0x00006692      0xc8a HB_navi_BP/CMakeFiles/HB_navi_BP.dir/Drivers/STM32F1xx_HAL_Driver/Src/stm32f1xx_hal_adc.c.obj
 .debug_info    0x0000731c      0x6c3 HB_navi_BP/CMakeFiles/HB_navi_BP.dir/Drivers/STM32F1xx_HAL_Driver/Src/stm32f1xx_hal.c.obj
 .debug_info    0x000079df      0x81e HB_navi_BP/CMakeFiles/HB_navi_BP.dir/Drivers/STM32F1xx_HAL_Driver/Src/stm32f1xx_hal_rcc.c.obj
 .debug_info    0x000081fd      0x3cc HB_navi_BP/CMakeFiles/HB_navi_BP.dir/Drivers/STM32F1xx_HAL_Driver/Src/stm32f1xx_hal_rcc_ex.c.obj
 .debug_info    0x000085c9      0x615 HB_navi_BP/CMakeFiles/HB_navi_BP.dir/Drivers/STM32F1xx_HAL_Driver/Src/stm32f1xx_hal_gpio.c.obj
 .debug_info    0x00008bde      0x737 HB_navi_BP/CMakeFiles/HB_navi_BP.dir/Drivers/STM32F1xx_HAL_Driver/Src/stm32f1xx_hal_dma.c.obj
 .debug_info    0x00009315      0xb02 HB_navi_BP/CMakeFiles/HB_navi_BP.dir/Drivers/STM32F1xx_HAL_Driver/Src/stm32f1xx_hal_cortex.c.obj
 .debug_info    0x00009e17     0x2b26 HB_navi_BP/CMakeFiles/HB_navi_BP.dir/Drivers/STM32F1xx_HAL_Driver/Src/stm32f1xx_hal_tim.c.obj
 .debug_info    0x0000c93d     0x1493 HB_navi_BP/CMakeFiles/HB_navi_BP.dir/Drivers/STM32F1xx_HAL_Driver/Src/stm32f1xx_hal_tim_ex.c.obj
 .debug_info    0x0000ddd0     0x3120 HB_navi_BP/CMakeFiles/HB_navi_BP.dir/Drivers/STM32F1xx_HAL_Driver/Src/stm32f1xx_hal_uart.c.obj
 .debug_info    0x00010ef0      0x23d HB_navi_BP/CMakeFiles/HB_navi_BP.dir/Core/Src/system_stm32f1xx.c.obj
 .debug_info    0x0001112d      0x2cb HB_navi_BP/CMakeFiles/HB_navi_BP.dir/Middlewares/Third_Party/FreeRTOS/Source/list.c.obj
 .debug_info    0x000113f8     0x1a38 HB_navi_BP/CMakeFiles/HB_navi_BP.dir/Middlewares/Third_Party/FreeRTOS/Source/queue.c.obj
 .debug_info    0x00012e30     0x210e HB_navi_BP/CMakeFiles/HB_navi_BP.dir/Middlewares/Third_Party/FreeRTOS/Source/tasks.c.obj
 .debug_info    0x00014f3e     0x1255 HB_navi_BP/CMakeFiles/HB_navi_BP.dir/Middlewares/Third_Party/FreeRTOS/Source/timers.c.obj
 .debug_info    0x00016193     0x344b HB_navi_BP/CMakeFiles/HB_navi_BP.dir/Middlewares/Third_Party/FreeRTOS/Source/CMSIS_RTOS_V2/cmsis_os2.c.obj
 .debug_info    0x000195de      0x3c6 HB_navi_BP/CMakeFiles/HB_navi_BP.dir/Middlewares/Third_Party/FreeRTOS/Source/portable/MemMang/heap_4.c.obj
 .debug_info    0x000199a4      0x4a1 HB_navi_BP/CMakeFiles/HB_navi_BP.dir/Middlewares/Third_Party/FreeRTOS/Source/portable/GCC/ARM_CM3/port.c.obj
 .debug_info    0x00019e45      0x15f HB_navi_BP/CMakeFiles/HB_navi_BP.dir/Core/Src/sysmem.c.obj
 .debug_info    0x00019fa4       0x22 HB_navi_BP/CMakeFiles/HB_navi_BP.dir/startup_stm32f103x6.s.obj

.debug_abbrev   0x00000000     0x3c9d
 .debug_abbrev  0x00000000      0x1a3 HB_navi_BP/CMakeFiles/HB_navi_BP.dir/__/shared/hw/hw_dcMotor.c.obj
 .debug_abbrev  0x000001a3       0xae HB_navi_BP/CMakeFiles/HB_navi_BP.dir/__/shared/hw/hw_rotaryEncoder.c.obj
 .debug_abbrev  0x00000251      0x1cf HB_navi_BP/CMakeFiles/HB_navi_BP.dir/__/shared/io/io_adc.c.obj
 .debug_abbrev  0x00000420      0x183 HB_navi_BP/CMakeFiles/HB_navi_BP.dir/__/shared/io/io_pwm.c.obj
 .debug_abbrev  0x000005a3      0x1be HB_navi_BP/CMakeFiles/HB_navi_BP.dir/Core/Src/main.c.obj
 .debug_abbrev  0x00000761      0x118 HB_navi_BP/CMakeFiles/HB_navi_BP.dir/Core/Src/gpio.c.obj
 .debug_abbrev  0x00000879      0x21a HB_navi_BP/CMakeFiles/HB_navi_BP.dir/Core/Src/freertos.c.obj
 .debug_abbrev  0x00000a93      0x1a2 HB_navi_BP/CMakeFiles/HB_navi_BP.dir/Core/Src/adc.c.obj
 .debug_abbrev  0x00000c35       0xdc HB_navi_BP/CMakeFiles/HB_navi_BP.dir/Core/Src/dma.c.obj
 .debug_abbrev  0x00000d11      0x1c5 HB_navi_BP/CMakeFiles/HB_navi_BP.dir/Core/Src/tim.c.obj
 .debug_abbrev  0x00000ed6      0x196 HB_navi_BP/CMakeFiles/HB_navi_BP.dir/Core/Src/usart.c.obj
 .debug_abbrev  0x0000106c      0x15c HB_navi_BP/CMakeFiles/HB_navi_BP.dir/Core/Src/stm32f1xx_it.c.obj
 .debug_abbrev  0x000011c8       0xf9 HB_navi_BP/CMakeFiles/HB_navi_BP.dir/Core/Src/stm32f1xx_hal_msp.c.obj
 .debug_abbrev  0x000012c1      0x1a5 HB_navi_BP/CMakeFiles/HB_navi_BP.dir/Core/Src/stm32f1xx_hal_timebase_tim.c.obj
 .debug_abbrev  0x00001466      0x1cf HB_navi_BP/CMakeFiles/HB_navi_BP.dir/Drivers/STM32F1xx_HAL_Driver/Src/stm32f1xx_hal_adc.c.obj
 .debug_abbrev  0x00001635      0x1c8 HB_navi_BP/CMakeFiles/HB_navi_BP.dir/Drivers/STM32F1xx_HAL_Driver/Src/stm32f1xx_hal.c.obj
 .debug_abbrev  0x000017fd      0x260 HB_navi_BP/CMakeFiles/HB_navi_BP.dir/Drivers/STM32F1xx_HAL_Driver/Src/stm32f1xx_hal_rcc.c.obj
 .debug_abbrev  0x00001a5d      0x16d HB_navi_BP/CMakeFiles/HB_navi_BP.dir/Drivers/STM32F1xx_HAL_Driver/Src/stm32f1xx_hal_rcc_ex.c.obj
 .debug_abbrev  0x00001bca      0x1bb HB_navi_BP/CMakeFiles/HB_navi_BP.dir/Drivers/STM32F1xx_HAL_Driver/Src/stm32f1xx_hal_gpio.c.obj
 .debug_abbrev  0x00001d85      0x1e9 HB_navi_BP/CMakeFiles/HB_navi_BP.dir/Drivers/STM32F1xx_HAL_Driver/Src/stm32f1xx_hal_dma.c.obj
 .debug_abbrev  0x00001f6e      0x2ed HB_navi_BP/CMakeFiles/HB_navi_BP.dir/Drivers/STM32F1xx_HAL_Driver/Src/stm32f1xx_hal_cortex.c.obj
 .debug_abbrev  0x0000225b      0x238 HB_navi_BP/CMakeFiles/HB_navi_BP.dir/Drivers/STM32F1xx_HAL_Driver/Src/stm32f1xx_hal_tim.c.obj
 .debug_abbrev  0x00002493      0x240 HB_navi_BP/CMakeFiles/HB_navi_BP.dir/Drivers/STM32F1xx_HAL_Driver/Src/stm32f1xx_hal_tim_ex.c.obj
 .debug_abbrev  0x000026d3      0x2b3 HB_navi_BP/CMakeFiles/HB_navi_BP.dir/Drivers/STM32F1xx_HAL_Driver/Src/stm32f1xx_hal_uart.c.obj
 .debug_abbrev  0x00002986      0x13b HB_navi_BP/CMakeFiles/HB_navi_BP.dir/Core/Src/system_stm32f1xx.c.obj
 .debug_abbrev  0x00002ac1       0xf2 HB_navi_BP/CMakeFiles/HB_navi_BP.dir/Middlewares/Third_Party/FreeRTOS/Source/list.c.obj
 .debug_abbrev  0x00002bb3      0x320 HB_navi_BP/CMakeFiles/HB_navi_BP.dir/Middlewares/Third_Party/FreeRTOS/Source/queue.c.obj
 .debug_abbrev  0x00002ed3      0x2e8 HB_navi_BP/CMakeFiles/HB_navi_BP.dir/Middlewares/Third_Party/FreeRTOS/Source/tasks.c.obj
 .debug_abbrev  0x000031bb      0x2a5 HB_navi_BP/CMakeFiles/HB_navi_BP.dir/Middlewares/Third_Party/FreeRTOS/Source/timers.c.obj
 .debug_abbrev  0x00003460      0x37f HB_navi_BP/CMakeFiles/HB_navi_BP.dir/Middlewares/Third_Party/FreeRTOS/Source/CMSIS_RTOS_V2/cmsis_os2.c.obj
 .debug_abbrev  0x000037df      0x1d7 HB_navi_BP/CMakeFiles/HB_navi_BP.dir/Middlewares/Third_Party/FreeRTOS/Source/portable/MemMang/heap_4.c.obj
 .debug_abbrev  0x000039b6      0x22f HB_navi_BP/CMakeFiles/HB_navi_BP.dir/Middlewares/Third_Party/FreeRTOS/Source/portable/GCC/ARM_CM3/port.c.obj
 .debug_abbrev  0x00003be5       0xa6 HB_navi_BP/CMakeFiles/HB_navi_BP.dir/Core/Src/sysmem.c.obj
 .debug_abbrev  0x00003c8b       0x12 HB_navi_BP/CMakeFiles/HB_navi_BP.dir/startup_stm32f103x6.s.obj

.debug_aranges  0x00000000     0x1668
 .debug_aranges
                0x00000000       0x58 HB_navi_BP/CMakeFiles/HB_navi_BP.dir/__/shared/hw/hw_dcMotor.c.obj
 .debug_aranges
                0x00000058       0x38 HB_navi_BP/CMakeFiles/HB_navi_BP.dir/__/shared/hw/hw_rotaryEncoder.c.obj
 .debug_aranges
                0x00000090       0x38 HB_navi_BP/CMakeFiles/HB_navi_BP.dir/__/shared/io/io_adc.c.obj
 .debug_aranges
                0x000000c8       0x30 HB_navi_BP/CMakeFiles/HB_navi_BP.dir/__/shared/io/io_pwm.c.obj
 .debug_aranges
                0x000000f8       0x38 HB_navi_BP/CMakeFiles/HB_navi_BP.dir/Core/Src/main.c.obj
 .debug_aranges
                0x00000130       0x20 HB_navi_BP/CMakeFiles/HB_navi_BP.dir/Core/Src/gpio.c.obj
 .debug_aranges